Component: ARM Compiler 5.05 update 1 (build 106) Tool: armlink [4d0efa]

==============================================================================

Section Cross References

    main.o(.text) refers to timer.o(.text) for TIM3_Int_Init
    main.o(.text) refers to usart3.o(.text) for usart3_init
    main.o(.text) refers to gizwits_product.o(.text) for userInit
    main.o(.text) refers to gizwits_protocol.o(.text) for gizwitsInit
    main.o(.text) refers to delay.o(.text) for delay_init
    main.o(.text) refers to misc.o(.text) for NVIC_PriorityGroupConfig
    main.o(.text) refers to usart.o(.text) for uart_init
    main.o(.text) refers to led.o(.text) for LED_Init
    main.o(.text) refers to key.o(.text) for KEY_Init
    main.o(.text) refers to lcd.o(.text) for LCD_Init
    main.o(.text) refers to noretval__2printf.o(.text) for __2printf
    main.o(.text) refers to stm32f10x_usart.o(.text) for USART_SendData
    main.o(.text) refers to lcd.o(.data) for POINT_COLOR
    main.o(.text) refers to gizwits_product.o(.data) for currentDataPoint
    main.o(.text) refers to usart.o(.data) for USART_RX_STA
    main.o(.text) refers to usart.o(.bss) for USART_RX_BUF
    system_stm32f10x.o(.text) refers to system_stm32f10x.o(.data) for .data
    led.o(.text) refers to stm32f10x_rcc.o(.text) for RCC_APB2PeriphClockCmd
    led.o(.text) refers to stm32f10x_gpio.o(.text) for GPIO_Init
    key.o(.text) refers to stm32f10x_rcc.o(.text) for RCC_APB2PeriphClockCmd
    key.o(.text) refers to stm32f10x_gpio.o(.text) for GPIO_Init
    key.o(.text) refers to delay.o(.text) for delay_ms
    key.o(.text) refers to key.o(.data) for .data
    timer.o(.text) refers to stm32f10x_rcc.o(.text) for RCC_APB1PeriphClockCmd
    timer.o(.text) refers to stm32f10x_tim.o(.text) for TIM_TimeBaseInit
    timer.o(.text) refers to misc.o(.text) for NVIC_Init
    timer.o(.text) refers to gizwits_product.o(.text) for TIMER_IRQ_FUN
    usart3.o(.text) refers to gizwits_product.o(.text) for UART_IRQ_FUN
    usart3.o(.text) refers to stm32f10x_rcc.o(.text) for RCC_APB2PeriphClockCmd
    usart3.o(.text) refers to stm32f10x_usart.o(.text) for USART_DeInit
    usart3.o(.text) refers to stm32f10x_gpio.o(.text) for GPIO_Init
    usart3.o(.text) refers to misc.o(.text) for NVIC_Init
    lcd.o(.text) refers to _printf_percent.o(.ARM.Collect$$_printf_percent$$00000000) for _printf_percent
    lcd.o(.text) refers to _printf_x.o(.ARM.Collect$$_printf_percent$$0000000C) for _printf_x
    lcd.o(.text) refers to _printf_hex_int.o(.text) for _printf_longlong_hex
    lcd.o(.text) refers to delay.o(.text) for delay_us
    lcd.o(.text) refers to lcd.o(.bss) for .bss
    lcd.o(.text) refers to dflt_clz.o(x$fpl$dfltu) for __aeabi_ui2d
    lcd.o(.text) refers to dmul.o(x$fpl$dmul) for __aeabi_dmul
    lcd.o(.text) refers to dfixu.o(x$fpl$dfixu) for __aeabi_d2uiz
    lcd.o(.text) refers to lcd.o(.data) for .data
    lcd.o(.text) refers to stm32f10x_rcc.o(.text) for RCC_AHBPeriphClockCmd
    lcd.o(.text) refers to stm32f10x_gpio.o(.text) for GPIO_Init
    lcd.o(.text) refers to stm32f10x_fsmc.o(.text) for FSMC_NORSRAMInit
    lcd.o(.text) refers to noretval__2printf.o(.text) for __2printf
    lcd.o(.text) refers to lcd.o(.constdata) for .constdata
    delay.o(.text) refers to misc.o(.text) for SysTick_CLKSourceConfig
    delay.o(.text) refers to system_stm32f10x.o(.data) for SystemCoreClock
    delay.o(.text) refers to delay.o(.data) for .data
    usart.o(.text) refers (Special) to use_no_semi_2.o(.text) for __use_no_semihosting
    usart.o(.text) refers to stm32f10x_rcc.o(.text) for RCC_APB2PeriphClockCmd
    usart.o(.text) refers to stm32f10x_gpio.o(.text) for GPIO_Init
    usart.o(.text) refers to misc.o(.text) for NVIC_Init
    usart.o(.text) refers to stm32f10x_usart.o(.text) for USART_Init
    usart.o(.text) refers to usart.o(.data) for .data
    usart.o(.text) refers to usart.o(.bss) for .bss
    usart.o(.bss) refers (Special) to use_no_semi_2.o(.text) for __use_no_semihosting
    usart.o(.data) refers (Special) to use_no_semi_2.o(.text) for __use_no_semihosting
    usart.o(.data) refers (Special) to use_no_semi_2.o(.text) for __use_no_semihosting
    startup_stm32f10x_hd.o(STACK) refers (Special) to heapauxi.o(.text) for __use_two_region_memory
    startup_stm32f10x_hd.o(HEAP) refers (Special) to heapauxi.o(.text) for __use_two_region_memory
    startup_stm32f10x_hd.o(RESET) refers (Special) to heapauxi.o(.text) for __use_two_region_memory
    startup_stm32f10x_hd.o(RESET) refers to startup_stm32f10x_hd.o(STACK) for __initial_sp
    startup_stm32f10x_hd.o(RESET) refers to startup_stm32f10x_hd.o(.text) for Reset_Handler
    startup_stm32f10x_hd.o(RESET) refers to stm32f10x_it.o(.text) for NMI_Handler
    startup_stm32f10x_hd.o(RESET) refers to timer.o(.text) for TIM3_IRQHandler
    startup_stm32f10x_hd.o(RESET) refers to usart.o(.text) for USART1_IRQHandler
[...]
    .ARM.Collect$$_printf_percent$$00000009  0x080001a4   Section        6  _printf_d.o(.ARM.Collect$$_printf_percent$$00000009)
    .ARM.Collect$$_printf_percent$$0000000C  0x080001aa   Section        6  _printf_x.o(.ARM.Collect$$_printf_percent$$0000000C)
    .ARM.Collect$$_printf_percent$$00000017  0x080001b0   Section        4  _printf_percent_end.o(.ARM.Collect$$_printf_percent$$00000017)
    .ARM.Collect$$libinit$$00000000          0x080001b4   Section        2  libinit.o(.ARM.Collect$$libinit$$00000000)
    .ARM.Collect$$libinit$$00000002          0x080001b6   Section        0  libinit2.o(.ARM.Collect$$libinit$$00000002)
    .ARM.Collect$$libinit$$00000004          0x080001b6   Section        0  libinit2.o(.ARM.Collect$$libinit$$00000004)
    .ARM.Collect$$libinit$$0000000A          0x080001b6   Section        0  libinit2.o(.ARM.Collect$$libinit$$0000000A)
    .ARM.Collect$$libinit$$0000000C          0x080001b6   Section        0  libinit2.o(.ARM.Collect$$libinit$$0000000C)
    .ARM.Collect$$libinit$$0000000E          0x080001b6   Section        0  libinit2.o(.ARM.Collect$$libinit$$0000000E)
    .ARM.Collect$$libinit$$0000000F          0x080001b6   Section        6  libinit2.o(.ARM.Collect$$libinit$$0000000F)
    .ARM.Collect$$libinit$$00000011          0x080001bc   Section        0  libinit2.o(.ARM.Collect$$libinit$$00000011)
    .ARM.Collect$$libinit$$00000012          0x080001bc   Section       12  libinit2.o(.ARM.Collect$$libinit$$00000012)
    .ARM.Collect$$libinit$$00000013          0x080001c8   Section        0  libinit2.o(.ARM.Collect$$libinit$$00000013)
    .ARM.Collect$$libinit$$00000015          0x080001c8   Section        0  libinit2.o(.ARM.Collect$$libinit$$00000015)
    .ARM.Collect$$libinit$$00000017          0x080001c8   Section        0  libinit2.o(.ARM.Collect$$libinit$$00000017)
    .ARM.Collect$$libinit$$00000019          0x080001c8   Section        0  libinit2.o(.ARM.Collect$$libinit$$00000019)
    .ARM.Collect$$libinit$$0000001B          0x080001c8   Section        0  libinit2.o(.ARM.Collect$$libinit$$0000001B)
    .ARM.Collect$$libinit$$0000001D          0x080001c8   Section        0  libinit2.o(.ARM.Collect$$libinit$$0000001D)
    .ARM.Collect$$libinit$$0000001F          0x080001c8   Section        0  libinit2.o(.ARM.Collect$$libinit$$0000001F)
    .ARM.Collect$$libinit$$00000021          0x080001c8   Section        0  libinit2.o(.ARM.Collect$$libinit$$00000021)
    .ARM.Collect$$libinit$$00000023          0x080001c8   Section        0  libinit2.o(.ARM.Collect$$libinit$$00000023)
    .ARM.Collect$$libinit$$00000025          0x080001c8   Section        0  libinit2.o(.ARM.Collect$$libinit$$00000025)
    .ARM.Collect$$libinit$$0000002C          0x080001c8   Section        0  libinit2.o(.ARM.Collect$$libinit$$0000002C)
    .ARM.Collect$$libinit$$0000002E          0x080001c8   Section        0  libinit2.o(.ARM.Collect$$libinit$$0000002E)
    .ARM.Collect$$libinit$$00000030          0x080001c8   Section        0  libinit2.o(.ARM.Collect$$libinit$$00000030)
    .ARM.Collect$$libinit$$00000032          0x080001c8   Section        0  libinit2.o(.ARM.Collect$$libinit$$00000032)
    .ARM.Collect$$libinit$$00000033          0x080001c8   Section        2  libinit2.o(.ARM.Collect$$libinit$$00000033)
    .ARM.Collect$$libshutdown$$00000000      0x080001ca   Section        2  libshutdown.o(.ARM.Collect$$libshutdown$$00000000)
    .ARM.Collect$$libshutdown$$00000003      0x080001cc   Section        0  libshutdown2.o(.ARM.Collect$$libshutdown$$00000003)
    .ARM.Collect$$libshutdown$$00000006      0x080001cc   Section        0  libshutdown2.o(.ARM.Collect$$libshutdown$$00000006)
    .ARM.Collect$$libshutdown$$00000009      0x080001cc   Section        0  libshutdown2.o(.ARM.Collect$$libshutdown$$00000009)
    .ARM.Collect$$libshutdown$$0000000B      0x080001cc   Section        0  libshutdown2.o(.ARM.Collect$$libshutdown$$0000000B)
    .ARM.Collect$$libshutdown$$0000000E      0x080001cc   Section        0  libshutdown2.o(.ARM.Collect$$libshutdown$$0000000E)
    .ARM.Collect$$libshutdown$$0000000F      0x080001cc   Section        2  libshutdown2.o(.ARM.Collect$$libshutdown$$0000000F)
    .ARM.Collect$$rtentry$$00000000          0x080001ce   Section        0  __rtentry.o(.ARM.Collect$$rtentry$$00000000)
    .ARM.Collect$$rtentry$$00000002          0x080001ce   Section        0  __rtentry2.o(.ARM.Collect$$rtentry$$00000002)
    .ARM.Collect$$rtentry$$00000004          0x080001ce   Section        6  __rtentry4.o(.ARM.Collect$$rtentry$$00000004)
    .ARM.Collect$$rtentry$$00000009          0x080001d4   Section        0  __rtentry2.o(.ARM.Collect$$rtentry$$00000009)
    .ARM.Collect$$rtentry$$0000000A          0x080001d4   Section        4  __rtentry2.o(.ARM.Collect$$rtentry$$0000000A)
    .ARM.Collect$$rtentry$$0000000C          0x080001d8   Section        0  __rtentry2.o(.ARM.Collect$$rtentry$$0000000C)
    .ARM.Collect$$rtentry$$0000000D          0x080001d8   Section        8  __rtentry2.o(.ARM.Collect$$rtentry$$0000000D)
    .ARM.Collect$$rtexit$$00000000           0x080001e0   Section        2  rtexit.o(.ARM.Collect$$rtexit$$00000000)
    .ARM.Collect$$rtexit$$00000002           0x080001e2   Section        0  rtexit2.o(.ARM.Collect$$rtexit$$00000002)
    .ARM.Collect$$rtexit$$00000003           0x080001e2   Section        4  rtexit2.o(.ARM.Collect$$rtexit$$00000003)
    .ARM.Collect$$rtexit$$00000004           0x080001e6   Section        6  rtexit2.o(.ARM.Collect$$rtexit$$00000004)
    .text                                    0x080001ec   Section        0  main.o(.text)
    .text                                    0x080003d4   Section        0  stm32f10x_it.o(.text)
    .text                                    0x080003e8   Section        0  system_stm32f10x.o(.text)
    SetSysClockTo72                          0x080003e9   Thumb Code   160  system_stm32f10x.o(.text)
    .text                                    0x08000540   Section        0  led.o(.text)
    .text                                    0x08000590   Section        0  key.o(.text)
    .text                                    0x0800066c   Section        0  timer.o(.text)
    .text                                    0x080006d0   Section        0  usart3.o(.text)
    .text                                    0x08000780   Section        0  lcd.o(.text)
    .text                                    0x08004350   Section        0  delay.o(.text)
    .text                                    0x080043e8   Section        0  usart.o(.text)
    .text                                    0x080044fc   Section       64  startup_stm32f10x_hd.o(.text)
    .text                                    0x0800453c   Section        0  misc.o(.text)
    .text                                    0x080045ec   Section        0  stm32f10x_gpio.o(.text)
    .text                                    0x08004850   Section        0  stm32f10x_rcc.o(.text)
    .text                                    0x08004b08   Section        0  stm32f10x_usart.o(.text)
    .text                                    0x08004e30   Section        0  stm32f10x_tim.o(.text)
    TI2_Config                               0x080051c3   Thumb Code   166  stm32f10x_tim.o(.text)
    TI1_Config                               0x08005279   Thumb Code    88  stm32f10x_tim.o(.text)
    .text                                    0x08005920   Section        0  stm32f10x_fsmc.o(.text)
    .text                                    0x08005d9c   Section        0  gizwits_product.o(.text)
    .text                                    0x08006298   Section        0  gizwits_protocol.o(.text)
    gizProtocolWaitAck                       0x080062bf   Thumb Code    68  gizwits_protocol.o(.text)
    gizDataPoints2ReportData                 0x08006303   Thumb Code    50  gizwits_protocol.o(.text)
    gizProtocolIssuedProcess                 0x08006335   Thumb Code   192  gizwits_protocol.o(.text)
    gizProtocolIssuedDataAck                 0x080063f5   Thumb Code   198  gizwits_protocol.o(.text)
    gizReportData                            0x080064bb   Thumb Code   126  gizwits_protocol.o(.text)
    gizDevReportPolicy                       0x08006539   Thumb Code   166  gizwits_protocol.o(.text)
    gizProtocolGetOnePacket                  0x080065df   Thumb Code   776  gizwits_protocol.o(.text)
    gizProtocolWaitAckCheck                  0x080068e7   Thumb Code    44  gizwits_protocol.o(.text)
    gizProtocolCommonAck                     0x08006913   Thumb Code    82  gizwits_protocol.o(.text)
    gizProtocolGetDeviceInfo                 0x08006965   Thumb Code   182  gizwits_protocol.o(.text)
    gizProtocolErrorCmd                      0x08006a1b   Thumb Code    90  gizwits_protocol.o(.text)
    gizProtocolModuleStatus                  0x08006a75   Thumb Code   576  gizwits_protocol.o(.text)
    gizProtocolHeadInit                      0x08007569   Thumb Code    32  gizwits_protocol.o(.text)
    gizDataPoint2Event                       0x08007589   Thumb Code    68  gizwits_protocol.o(.text)
    gizProtocolAckHandle                     0x080075cd   Thumb Code    80  gizwits_protocol.o(.text)
    gizProtocolNTP                           0x0800761d   Thumb Code    86  gizwits_protocol.o(.text)
    gizProtocolResendData                    0x08007673   Thumb Code    54  gizwits_protocol.o(.text)
    .text                                    0x080077a0   Section        0  common.o(.text)
    isleap                                   0x08007a49   Thumb Code    38  common.o(.text)
    .text                                    0x08007a78   Section        0  datapointtools.o(.text)
    .text                                    0x08007c94   Section        0  ringbuffer.o(.text)
    .text                                    0x08007e20   Section        2  use_no_semi_2.o(.text)
    .text                                    0x08007e22   Section        0  toupper.o(.text)
    .text                                    0x08007e40   Section        0  noretval__2printf.o(.text)
    .text                                    0x08007e58   Section        0  _printf_pad.o(.text)
    .text                                    0x08007ea8   Section        0  _printf_dec.o(.text)
    .text                                    0x08007f20   Section        0  _printf_hex_int.o(.text)
    .text                                    0x08007f78   Section        0  __printf_flags_wp.o(.text)
    .text                                    0x080080b0   Section        0  strlen.o(.text)
    .text                                    0x080080ee   Section      138  rt_memcpy_v6.o(.text)
    .text                                    0x08008178   Section      100  rt_memcpy_w.o(.text)
    .text                                    0x080081dc   Section       68  rt_memclr.o(.text)
    .text                                    0x08008220   Section        0  heapauxi.o(.text)
    .text                                    0x08008226   Section        2  use_no_semi.o(.text)
    .text                                    0x08008228   Section       16  rt_ctype_table.o(.text)
    .text                                    0x08008238   Section        0  _printf_intcommon.o(.text)
    .text                                    0x080082ec   Section        0  _printf_char_file.o(.text)
    .text                                    0x08008310   Section       78  rt_memclr_w.o(.text)
    .text                                    0x08008360   Section        8  rt_locale_intlibspace.o(.text)
    .text                                    0x08008368   Section        0  _printf_char_common.o(.text)
    _printf_input_char                       0x08008369   Thumb Code    10  _printf_char_common.o(.text)
    .text                                    0x08008398   Section        0  ferror.o(.text)
    .text                                    0x080083a0   Section        8  libspace.o(.text)
    .text                                    0x080083a8   Section       74  sys_stackheap_outer.o(.text)
    .text                                    0x080083f2   Section        0  exit.o(.text)
    .text                                    0x08008400   Section      128  strcmpv7m.o(.text)
    i._is_digit                              0x08008480   Section        0  __printf_wp.o(i._is_digit)
    locale$$code                             0x08008490   Section       44  lc_ctype_c.o(locale$$code)
    x$fpl$dfixu                              0x080084bc   Section       90  dfixu.o(x$fpl$dfixu)
    x$fpl$dfltu                              0x08008516   Section       38  dflt_clz.o(x$fpl$dfltu)
    x$fpl$dmul                               0x0800853c   Section      340  dmul.o(x$fpl$dmul)
    x$fpl$dnaninf                            0x08008690   Section      156  dnaninf.o(x$fpl$dnaninf)
    x$fpl$dretinf                            0x0800872c   Section       12  dretinf.o(x$fpl$dretinf)
    x$fpl$fadd                               0x08008738   Section      196  faddsub_clz.o(x$fpl$fadd)
    _fadd1                                   0x08008747   Thumb Code     0  faddsub_clz.o(x$fpl$fadd)
    x$fpl$fdiv                               0x080087fc   Section      388  fdiv.o(x$fpl$fdiv)
    _fdiv1                                   0x080087fd   Thumb Code     0  fdiv.o(x$fpl$fdiv)
    x$fpl$ffixu                              0x08008980   Section       62  ffixu.o(x$fpl$ffixu)
    x$fpl$ffltu                              0x080089c0   Section       38  fflt_clz.o(x$fpl$ffltu)
    x$fpl$fmul                               0x080089e8   Section      258  fmul.o(x$fpl$fmul)
    x$fpl$fnaninf                            0x08008aea   Section      140  fnaninf.o(x$fpl$fnaninf)
    x$fpl$fretinf                            0x08008b76   Section       10  fretinf.o(x$fpl$fretinf)
    x$fpl$fsub                               0x08008b80   Section      234  faddsub_clz.o(x$fpl$fsub)
    _fsub1                                   0x08008b8f   Thumb Code     0  faddsub_clz.o(x$fpl$fsub)
    .constdata                               0x08008c6a   Section     6080  lcd.o(.constdata)
    x$fpl$usenofp                            0x08008c6a   Section        0  usenofp.o(x$fpl$usenofp)
    .constdata                               0x0800a42c   Section       48  common.o(.constdata)
    .constdata                               0x0800a45c   Section       40  _printf_hex_int.o(.constdata)
    uc_hextab                                0x0800a45c   Data          20  _printf_hex_int.o(.constdata)
    lc_hextab                                0x0800a470   Data          20  _printf_hex_int.o(.constdata)
    .constdata                               0x0800a484   Section       17  __printf_flags_wp.o(.constdata)
    maptable                                 0x0800a484   Data          17  __printf_flags_wp.o(.constdata)
    locale$$data                             0x0800a4b8   Section      272  lc_ctype_c.o(locale$$data)
    __lcctype_c_name                         0x0800a4bc   Data           2  lc_ctype_c.o(locale$$data)
    __lcctype_c_start                        0x0800a4c4   Data           0  lc_ctype_c.o(locale$$data)
    __lcctype_c_end                          0x0800a5c8   Data           0  lc_ctype_c.o(locale$$data)
    .data                                    0x20000000   Section       20  system_stm32f10x.o(.data)
    .data                                    0x20000014   Section        1  key.o(.data)
    key_up                                   0x20000014   Data           1  key.o(.data)
    .data                                    0x20000016   Section        4  lcd.o(.data)
    .data                                    0x2000001a   Section        4  delay.o(.data)
    fac_us                                   0x2000001a   Data           1  delay.o(.data)
    fac_ms                                   0x2000001c   Data           2  delay.o(.data)
    .data                                    0x2000001e   Section        2  usart.o(.data)
    .data                                    0x20000020   Section        4  usart.o(.data)
    .data                                    0x20000024   Section       20  stm32f10x_rcc.o(.data)
    ADCPrescTable                            0x20000024   Data           4  stm32f10x_rcc.o(.data)
    APBAHBPrescTable                         0x20000028   Data          16  stm32f10x_rcc.o(.data)
    .data                                    0x20000038   Section        8  gizwits_product.o(.data)
    timerMsCount                             0x2000003c   Data           4  gizwits_product.o(.data)
    .data                                    0x20000040   Section       16  gizwits_protocol.o(.data)
    protocolFlag                             0x20000040   Data           1  gizwits_protocol.o(.data)
    lastData                                 0x20000041   Data           1  gizwits_protocol.o(.data)
    debugCount                               0x20000042   Data           1  gizwits_protocol.o(.data)
    protocolCount                            0x20000044   Data           2  gizwits_protocol.o(.data)
    lastStatus                               0x20000046   Data           2  gizwits_protocol.o(.data)
    lastReportTime                           0x20000048   Data           4  gizwits_protocol.o(.data)
    lastRepTime                              0x2000004c   Data           4  gizwits_protocol.o(.data)
    .bss                                     0x20000050   Section       14  lcd.o(.bss)
    .bss                                     0x2000005e   Section      200  usart.o(.bss)
    .bss                                     0x20000126   Section      304  gizwits_protocol.o(.bss)
    rbBuf                                    0x2000022a   Data          44  gizwits_protocol.o(.bss)
    .bss                                     0x20000258   Section       96  libspace.o(.bss)
    HEAP                                     0x200002b8   Section      512  startup_stm32f10x_hd.o(HEAP)
    Heap_Mem                                 0x200002b8   Data         512  startup_stm32f10x_hd.o(HEAP)
    STACK                                    0x200004b8   Section     8192  startup_stm32f10x_hd.o(STACK)
    Stack_Mem                                0x200004b8   Data        8192  startup_stm32f10x_hd.o(STACK)
    __initial_sp                             0x200024b8   Data           0  startup_stm32f10x_hd.o(STACK)

    Global Symbols

    Symbol Name                              Value     Ov Type        Size  Object(Section)

    BuildAttributes$$THM_ISAv4$P$D$K$B$S$PE$A:L22UL41UL21$X:L11$S22US41US21$IEEE1$IW$USESV6$~STKCKD$USESV7$~SHL$OSPACE$ROPI$EBA8$UX$STANDARDLIB$REQ8$PRES8$EABIv2 0x00000000   Number         0  anon$$obj.o ABSOLUTE
    __ARM_use_no_argv                        0x00000000   Number         0  main.o ABSOLUTE
    _printf_flags                            0x00000000   Number         0  printf_stubs.o ABSOLUTE
    _printf_return_value                     0x00000000   Number         0  printf_stubs.o ABSOLUTE
    _printf_sizespec                         0x00000000   Number         0  printf_stubs.o ABSOLUTE
    _printf_widthprec                        0x00000000   Number         0  printf_stubs.o ABSOLUTE
    __ARM_exceptions_init                     - Undefined Weak Reference
    __alloca_initialize                       - Undefined Weak Reference
    __arm_preinit_                            - Undefined Weak Reference
    __cpp_initialize__aeabi_                  - Undefined Weak Reference
    __cxa_finalize                            - Undefined Weak Reference
    __sigvec_lookup                           - Undefined Weak Reference
    _atexit_init                              - Undefined Weak Reference
    _call_atexit_fns                          - Undefined Weak Reference
    _clock_init                               - Undefined Weak Reference
    _fp_trap_init                             - Undefined Weak Reference
    _fp_trap_shutdown                         - Undefined Weak Reference
    _get_lc_collate                           - Undefined Weak Reference
    _get_lc_monetary                          - Undefined Weak Reference
    _get_lc_numeric                           - Undefined Weak Reference
    _get_lc_time                              - Undefined Weak Reference
    _getenv_init                              - Undefined Weak Reference
    _handle_redirection                       - Undefined Weak Reference
    _init_alloc                               - Undefined Weak Reference
    _init_user_alloc                          - Undefined Weak Reference
    _initio                                   - Undefined Weak Reference
    _mutex_acquire                            - Undefined Weak Reference
    _mutex_release                            - Undefined Weak Reference
    _printf_truncate_signed                   - Undefined Weak Reference
    _printf_truncate_unsigned                 - Undefined Weak Reference
    _rand_init                                - Undefined Weak Reference
    _signal_finish                            - Undefined Weak Reference
    _signal_init                              - Undefined Weak Reference
    _terminate_alloc                          - Undefined Weak Reference
    _terminate_user_alloc                     - Undefined Weak Reference
    _terminateio                              - Undefined Weak Reference
    __Vectors_Size                           0x00000130   Number         0  startup_stm32f10x_hd.o ABSOLUTE
    __Vectors                                0x08000000   Data           4  startup_stm32f10x_hd.o(RESET)
    __Vectors_End                            0x08000130   Data           0  startup_stm32f10x_hd.o(RESET)
    __main                                   0x08000131   Thumb Code     8  __main.o(!!!main)
    __scatterload                            0x08000139   Thumb Code     0  __scatter.o(!!!scatter)
    __scatterload_rt2                        0x08000139   Thumb Code    44  __scatter.o(!!!scatter)
    __scatterload_rt2_thumb_only             0x08000139   Thumb Code     0  __scatter.o(!!!scatter)
    __scatterload_null                       0x08000147   Thumb Code     0  __scatter.o(!!!scatter)
    __scatterload_copy                       0x0800016d   Thumb Code    26  __scatter_copy.o(!!handler_copy)
    __scatterload_zeroinit                   0x08000189   Thumb Code    28  __scatter_zi.o(!!handler_zi)
    _printf_d                                0x080001a5   Thumb Code     0  _printf_d.o(.ARM.Collect$$_printf_percent$$00000009)
    _printf_percent                          0x080001a5   Thumb Code     0  _printf_percent.o(.ARM.Collect$$_printf_percent$$00000000)
    _printf_x                                0x080001ab   Thumb Code     0  _printf_x.o(.ARM.Collect$$_printf_percent$$0000000C)
    _printf_percent_end                      0x080001b1   Thumb Code     0  _printf_percent_end.o(.ARM.Collect$$_printf_percent$$00000017)
    __rt_lib_init                            0x080001b5   Thumb Code     0  libinit.o(.ARM.Collect$$libinit$$00000000)
    __rt_lib_init_fp_1                       0x080001b7   Thumb Code     0  libinit2.o(.ARM.Collect$$libinit$$00000002)
    __rt_lib_init_heap_1                     0x080001b7   Thumb Code     0  libinit2.o(.ARM.Collect$$libinit$$0000000A)
    __rt_lib_init_lc_common                  0x080001b7   Thumb Code     0  libinit2.o(.ARM.Collect$$libinit$$0000000F)
    __rt_lib_init_preinit_1                  0x080001b7   Thumb Code     0  libinit2.o(.ARM.Collect$$libinit$$00000004)
    __rt_lib_init_rand_1                     0x080001b7   Thumb Code     0  libinit2.o(.ARM.Collect$$libinit$$0000000E)
    __rt_lib_init_user_alloc_1               0x080001b7   Thumb Code     0  libinit2.o(.ARM.Collect$$libinit$$0000000C)
    __rt_lib_init_lc_collate_1               0x080001bd   Thumb Code     0  libinit2.o(.ARM.Collect$$libinit$$00000011)
    __rt_lib_init_lc_ctype_2                 0x080001bd   Thumb Code     0  libinit2.o(.ARM.Collect$$libinit$$00000012)
    __rt_lib_init_alloca_1                   0x080001c9   Thumb Code     0  libinit2.o(.ARM.Collect$$libinit$$0000002E)
    __rt_lib_init_argv_1                     0x080001c9   Thumb Code     0  libinit2.o(.ARM.Collect$$libinit$$0000002C)
    __rt_lib_init_atexit_1                   0x080001c9   Thumb Code     0  libinit2.o(.ARM.Collect$$libinit$$0000001B)
    __rt_lib_init_clock_1                    0x080001c9   Thumb Code     0  libinit2.o(.ARM.Collect$$libinit$$00000021)
    __rt_lib_init_cpp_1                      0x080001c9   Thumb Code     0  libinit2.o(.ARM.Collect$$libinit$$00000032)
    __rt_lib_init_exceptions_1               0x080001c9   Thumb Code     0  libinit2.o(.ARM.Collect$$libinit$$00000030)
    __rt_lib_init_fp_trap_1                  0x080001c9   Thumb Code     0  libinit2.o(.ARM.Collect$$libinit$$0000001F)
    __rt_lib_init_getenv_1                   0x080001c9   Thumb Code     0  libinit2.o(.ARM.Collect$$libinit$$00000023)
    __rt_lib_init_lc_ctype_1                 0x080001c9   Thumb Code     0  libinit2.o(.ARM.Collect$$libinit$$00000013)
    __rt_lib_init_lc_monetary_1              0x080001c9   Thumb Code     0  libinit2.o(.ARM.Collect$$libinit$$00000015)
    __rt_lib_init_lc_numeric_1               0x080001c9   Thumb Code     0  libinit2.o(.ARM.Collect$$libinit$$00000017)
    __rt_lib_init_lc_time_1                  0x080001c9   Thumb Code     0  libinit2.o(.ARM.Collect$$libinit$$00000019)
    __rt_lib_init_return                     0x080001c9   Thumb Code     0  libinit2.o(.ARM.Collect$$libinit$$00000033)
    __rt_lib_init_signal_1                   0x080001c9   Thumb Code     0  libinit2.o(.ARM.Collect$$libinit$$0000001D)
    __rt_lib_init_stdio_1                    0x080001c9   Thumb Code     0  libinit2.o(.ARM.Collect$$libinit$$00000025)
    __rt_lib_shutdown                        0x080001cb   Thumb Code     0  libshutdown.o(.ARM.Collect$$libshutdown$$00000000)
    __rt_lib_shutdown_fp_trap_1              0x080001cd   Thumb Code     0  libshutdown2.o(.ARM.Collect$$libshutdown$$00000006)
    __rt_lib_shutdown_heap_1                 0x080001cd   Thumb Code     0  libshutdown2.o(.ARM.Collect$$libshutdown$$0000000E)
    __rt_lib_shutdown_return                 0x080001cd   Thumb Code     0  libshutdown2.o(.ARM.Collect$$libshutdown$$0000000F)
    __rt_lib_shutdown_signal_1               0x080001cd   Thumb Code     0  libshutdown2.o(.ARM.Collect$$libshutdown$$00000009)
    __rt_lib_shutdown_stdio_1                0x080001cd   Thumb Code     0  libshutdown2.o(.ARM.Collect$$libshutdown$$00000003)
    __rt_lib_shutdown_user_alloc_1           0x080001cd   Thumb Code     0  libshutdown2.o(.ARM.Collect$$libshutdown$$0000000B)
    __rt_entry                               0x080001cf   Thumb Code     0  __rtentry.o(.ARM.Collect$$rtentry$$00000000)
    __rt_entry_presh_1                       0x080001cf   Thumb Code     0  __rtentry2.o(.ARM.Collect$$rtentry$$00000002)
    __rt_entry_sh                            0x080001cf   Thumb Code     0  __rtentry4.o(.ARM.Collect$$rtentry$$00000004)
    __rt_entry_li                            0x080001d5   Thumb Code     0  __rtentry2.o(.ARM.Collect$$rtentry$$0000000A)
    __rt_entry_postsh_1                      0x080001d5   Thumb Code     0  __rtentry2.o(.ARM.Collect$$rtentry$$00000009)
    __rt_entry_main                          0x080001d9   Thumb Code     0  __rtentry2.o(.ARM.Collect$$rtentry$$0000000D)
    __rt_entry_postli_1                      0x080001d9   Thumb Code     0  __rtentry2.o(.ARM.Collect$$rtentry$$0000000C)
    __rt_exit                                0x080001e1   Thumb Code     0  rtexit.o(.ARM.Collect$$rtexit$$00000000)
    __rt_exit_ls                             0x080001e3   Thumb Code     0  rtexit2.o(.ARM.Collect$$rtexit$$00000003)
    __rt_exit_prels_1                        0x080001e3   Thumb Code     0  rtexit2.o(.ARM.Collect$$rtexit$$00000002)
    __rt_exit_exit                           0x080001e7   Thumb Code     0  rtexit2.o(.ARM.Collect$$rtexit$$00000004)
    Gizwits_Init                             0x080001ed   Thumb Code    32  main.o(.text)
    main                                     0x0800020d   Thumb Code   160  main.o(.text)
    UART_test                                0x080002ad   Thumb Code   110  main.o(.text)
    NMI_Handler                              0x080003d5   Thumb Code     2  stm32f10x_it.o(.text)
    HardFault_Handler                        0x080003d7   Thumb Code     2  stm32f10x_it.o(.text)
    MemManage_Handler                        0x080003d9   Thumb Code     2  stm32f10x_it.o(.text)
    BusFault_Handler                         0x080003db   Thumb Code     2  stm32f10x_it.o(.text)
    UsageFault_Handler                       0x080003dd   Thumb Code     2  stm32f10x_it.o(.text)
    SVC_Handler                              0x080003df   Thumb Code     2  stm32f10x_it.o(.text)
    DebugMon_Handler                         0x080003e1   Thumb Code     2  stm32f10x_it.o(.text)
    PendSV_Handler                           0x080003e3   Thumb Code     2  stm32f10x_it.o(.text)
    SysTick_Handler                          0x080003e5   Thumb Code     2  stm32f10x_it.o(.text)
    SystemInit                               0x08000489   Thumb Code    64  system_stm32f10x.o(.text)
    SystemCoreClockUpdate                    0x080004c9   Thumb Code    86  system_stm32f10x.o(.text)
    LED_Init                                 0x08000541   Thumb Code    70  led.o(.text)
    KEY_Init                                 0x08000591   Thumb Code    52  key.o(.text)
    KEY_Scan                                 0x080005c5   Thumb Code   154  key.o(.text)
    TIM3_Int_Init                            0x0800066d   Thumb Code    90  timer.o(.text)
    TIM3_IRQHandler                          0x080006c7   Thumb Code     4  timer.o(.text)
    USART3_IRQHandler                        0x080006d1   Thumb Code     4  usart3.o(.text)
    usart3_init                              0x080006d5   Thumb Code   164  usart3.o(.text)
    LCD_WR_REG                               0x08000781   Thumb Code     6  lcd.o(.text)
    LCD_WR_DATA                              0x08000787   Thumb Code     8  lcd.o(.text)
    LCD_RD_DATA                              0x0800078f   Thumb Code    18  lcd.o(.text)
    LCD_WriteReg                             0x080007a1   Thumb Code    10  lcd.o(.text)
    LCD_ReadReg                              0x080007ab   Thumb Code    18  lcd.o(.text)
    LCD_WriteRAM_Prepare                     0x080007bd   Thumb Code    10  lcd.o(.text)
    LCD_WriteRAM                             0x080007c7   Thumb Code     8  lcd.o(.text)
    LCD_BGR2RGB                              0x080007cf   Thumb Code    18  lcd.o(.text)
    opt_delay                                0x080007e1   Thumb Code     8  lcd.o(.text)
    LCD_SetCursor                            0x080007e9   Thumb Code   318  lcd.o(.text)
    LCD_ReadPoint                            0x08000927   Thumb Code   254  lcd.o(.text)
    LCD_DisplayOn                            0x08000a25   Thumb Code    66  lcd.o(.text)
    LCD_DisplayOff                           0x08000a67   Thumb Code    64  lcd.o(.text)
    LCD_Scan_Dir                             0x08000aa7   Thumb Code   422  lcd.o(.text)
    LCD_DrawPoint                            0x08000c4d   Thumb Code    22  lcd.o(.text)
    LCD_Fast_DrawPoint                       0x08000c63   Thumb Code   274  lcd.o(.text)
    LCD_SSD_BackLightSet                     0x08000d75   Thumb Code    50  lcd.o(.text)
    LCD_Display_Dir                          0x08000da7   Thumb Code   302  lcd.o(.text)
    LCD_Set_Window                           0x08000ed5   Thumb Code   390  lcd.o(.text)
    LCD_Clear                                0x0800105b   Thumb Code   102  lcd.o(.text)
    LCD_Init                                 0x080010c1   Thumb Code 11794  lcd.o(.text)
    LCD_Fill                                 0x08003ed3   Thumb Code   132  lcd.o(.text)
    LCD_Color_Fill                           0x08003f57   Thumb Code    84  lcd.o(.text)
    LCD_DrawLine                             0x08003fab   Thumb Code   150  lcd.o(.text)
    LCD_DrawRectangle                        0x08004041   Thumb Code    54  lcd.o(.text)
    LCD_Draw_Circle                          0x08004077   Thumb Code   176  lcd.o(.text)
    LCD_ShowChar                             0x08004127   Thumb Code   182  lcd.o(.text)
    LCD_Pow                                  0x080041dd   Thumb Code    16  lcd.o(.text)
    LCD_ShowNum                              0x080041ed   Thumb Code   116  lcd.o(.text)
    LCD_ShowxNum                             0x08004261   Thumb Code   158  lcd.o(.text)
    LCD_ShowString                           0x080042ff   Thumb Code    82  lcd.o(.text)
    delay_init                               0x08004351   Thumb Code    46  delay.o(.text)
    delay_us                                 0x0800437f   Thumb Code    46  delay.o(.text)
    delay_ms                                 0x080043ad   Thumb Code    46  delay.o(.text)
    _sys_exit                                0x080043e9   Thumb Code     2  usart.o(.text)
    fputc                                    0x080043eb   Thumb Code    18  usart.o(.text)
    uart_init                                0x080043fd   Thumb Code   152  usart.o(.text)
    USART1_IRQHandler                        0x08004495   Thumb Code    88  usart.o(.text)
    Reset_Handler                            0x080044fd   Thumb Code     8  startup_stm32f10x_hd.o(.text)
    ADC1_2_IRQHandler                        0x08004517   Thumb Code     0  startup_stm32f10x_hd.o(.text)
    ADC3_IRQHandler                          0x08004517   Thumb Code     0  startup_stm32f10x_hd.o(.text)
    CAN1_RX1_IRQHandler                      0x08004517   Thumb Code     0  startup_stm32f10x_hd.o(.text)
    CAN1_SCE_IRQHandler                      0x08004517   Thumb Code     0  startup_stm32f10x_hd.o(.text)
    DMA1_Channel1_IRQHandler                 0x08004517   Thumb Code     0  startup_stm32f10x_hd.o(.text)
    DMA1_Channel2_IRQHandler                 0x08004517   Thumb Code     0  startup_stm32f10x_hd.o(.text)
    DMA1_Channel3_IRQHandler                 0x08004517   Thumb Code     0  startup_stm32f10x_hd.o(.text)
    DMA1_Channel4_IRQHandler                 0x08004517   Thumb Code     0  startup_stm32f10x_hd.o(.text)
    DMA1_Channel5_IRQHandler                 0x08004517   Thumb Code     0  startup_stm32f10x_hd.o(.text)
    DMA1_Channel6_IRQHandler                 0x08004517   Thumb Code     0  startup_stm32f10x_hd.o(.text)
    DMA1_Channel7_IRQHandler                 0x08004517   Thumb Code     0  startup_stm32f10x_hd.o(.text)
    DMA2_Channel1_IRQHandler                 0x08004517   Thumb Code     0  startup_stm32f10x_hd.o(.text)
    DMA2_Channel2_IRQHandler                 0x08004517   Thumb Code     0  startup_stm32f10x_hd.o(.text)
    DMA2_Channel3_IRQHandler                 0x08004517   Thumb Code     0  startup_stm32f10x_hd.o(.text)
    DMA2_Channel4_5_IRQHandler               0x08004517   Thumb Code     0  startup_stm32f10x_hd.o(.text)
    EXTI0_IRQHandler                         0x08004517   Thumb Code     0  startup_stm32f10x_hd.o(.text)
    EXTI15_10_IRQHandler                     0x08004517   Thumb Code     0  startup_stm32f10x_hd.o(.text)
    EXTI1_IRQHandler                         0x08004517   Thumb Code     0  startup_stm32f10x_hd.o(.text)
    EXTI2_IRQHandler                         0x08004517   Thumb Code     0  startup_stm32f10x_hd.o(.text)
    EXTI3_IRQHandler                         0x08004517   Thumb Code     0  startup_stm32f10x_hd.o(.text)
    EXTI4_IRQHandler                         0x08004517   Thumb Code     0  startup_stm32f10x_hd.o(.text)
    EXTI9_5_IRQHandler                       0x08004517   Thumb Code     0  startup_stm32f10x_hd.o(.text)
    FLASH_IRQHandler                         0x08004517   Thumb Code     0  startup_stm32f10x_hd.o(.text)
    FSMC_IRQHandler                          0x08004517   Thumb Code     0  startup_stm32f10x_hd.o(.text)
    I2C1_ER_IRQHandler                       0x08004517   Thumb Code     0  startup_stm32f10x_hd.o(.text)
    I2C1_EV_IRQHandler                       0x08004517   Thumb Code     0  startup_stm32f10x_hd.o(.text)
    I2C2_ER_IRQHandler                       0x08004517   Thumb Code     0  startup_stm32f10x_hd.o(.text)
    I2C2_EV_IRQHandler                       0x08004517   Thumb Code     0  startup_stm32f10x_hd.o(.text)
    PVD_IRQHandler                           0x08004517   Thumb Code     0  startup_stm32f10x_hd.o(.text)
    RCC_IRQHandler                           0x08004517   Thumb Code     0  startup_stm32f10x_hd.o(.text)
    RTCAlarm_IRQHandler                      0x08004517   Thumb Code     0  startup_stm32f10x_hd.o(.text)
    RTC_IRQHandler                           0x08004517   Thumb Code     0  startup_stm32f10x_hd.o(.text)
    SDIO_IRQHandler                          0x08004517   Thumb Code     0  startup_stm32f10x_hd.o(.text)
    SPI1_IRQHandler                          0x08004517   Thumb Code     0  startup_stm32f10x_hd.o(.text)
    SPI2_IRQHandler                          0x08004517   Thumb Code     0  startup_stm32f10x_hd.o(.text)
    SPI3_IRQHandler                          0x08004517   Thumb Code     0  startup_stm32f10x_hd.o(.text)
    TAMPER_IRQHandler                        0x08004517   Thumb Code     0  startup_stm32f10x_hd.o(.text)
    TIM1_BRK_IRQHandler                      0x08004517   Thumb Code     0  startup_stm32f10x_hd.o(.text)
    TIM1_CC_IRQHandler                       0x08004517   Thumb Code     0  startup_stm32f10x_hd.o(.text)
    TIM1_TRG_COM_IRQHandler                  0x08004517   Thumb Code     0  startup_stm32f10x_hd.o(.text)
    TIM1_UP_IRQHandler                       0x08004517   Thumb Code     0  startup_stm32f10x_hd.o(.text)
    TIM2_IRQHandler                          0x08004517   Thumb Code     0  startup_stm32f10x_hd.o(.text)
    TIM4_IRQHandler                          0x08004517   Thumb Code     0  startup_stm32f10x_hd.o(.text)
    TIM5_IRQHandler                          0x08004517   Thumb Code     0  startup_stm32f10x_hd.o(.text)
    TIM6_IRQHandler                          0x08004517   Thumb Code     0  startup_stm32f10x_hd.o(.text)
    TIM7_IRQHandler                          0x08004517   Thumb Code     0  startup_stm32f10x_hd.o(.text)
    TIM8_BRK_IRQHandler                      0x08004517   Thumb Code     0  startup_stm32f10x_hd.o(.text)
    TIM8_CC_IRQHandler                       0x08004517   Thumb Code     0  startup_stm32f10x_hd.o(.text)
    TIM8_TRG_COM_IRQHandler                  0x08004517   Thumb Code     0  startup_stm32f10x_hd.o(.text)
    TIM8_UP_IRQHandler                       0x08004517   Thumb Code     0  startup_stm32f10x_hd.o(.text)
    UART4_IRQHandler                         0x08004517   Thumb Code     0  startup_stm32f10x_hd.o(.text)
    UART5_IRQHandler                         0x08004517   Thumb Code     0  startup_stm32f10x_hd.o(.text)
    USART2_IRQHandler                        0x08004517   Thumb Code     0  startup_stm32f10x_hd.o(.text)
    USBWakeUp_IRQHandler                     0x08004517   Thumb Code     0  startup_stm32f10x_hd.o(.text)
    USB_HP_CAN1_TX_IRQHandler                0x08004517   Thumb Code     0  startup_stm32f10x_hd.o(.text)
    USB_LP_CAN1_RX0_IRQHandler               0x08004517   Thumb Code     0  startup_stm32f10x_hd.o(.text)
    WWDG_IRQHandler                          0x08004517   Thumb Code     0  startup_stm32f10x_hd.o(.text)
    __user_initial_stackheap                 0x08004519   Thumb Code     0  startup_stm32f10x_hd.o(.text)
    NVIC_PriorityGroupConfig                 0x0800453d   Thumb Code    10  misc.o(.text)
    NVIC_Init                                0x08004547   Thumb Code    94  misc.o(.text)
    NVIC_SetVectorTable                      0x080045a5   Thumb Code    14  misc.o(.text)
    NVIC_SystemLPConfig                      0x080045b3   Thumb Code    20  misc.o(.text)
    SysTick_CLKSourceConfig                  0x080045c7   Thumb Code    24  misc.o(.text)
    GPIO_DeInit                              0x080045ed   Thumb Code   152  stm32f10x_gpio.o(.text)
    GPIO_AFIODeInit                          0x08004685   Thumb Code    22  stm32f10x_gpio.o(.text)
    GPIO_Init                                0x0800469b   Thumb Code   156  stm32f10x_gpio.o(.text)
    GPIO_StructInit                          0x08004737   Thumb Code    16  stm32f10x_gpio.o(.text)
    GPIO_ReadInputDataBit                    0x08004747   Thumb Code    14  stm32f10x_gpio.o(.text)
    GPIO_ReadInputData                       0x08004755   Thumb Code     6  stm32f10x_gpio.o(.text)
    GPIO_ReadOutputDataBit                   0x0800475b   Thumb Code    14  stm32f10x_gpio.o(.text)
    GPIO_ReadOutputData                      0x08004769   Thumb Code     6  stm32f10x_gpio.o(.text)
    GPIO_SetBits                             0x0800476f   Thumb Code     4  stm32f10x_gpio.o(.text)
    GPIO_ResetBits                           0x08004773   Thumb Code     4  stm32f10x_gpio.o(.text)
    GPIO_WriteBit                            0x08004777   Thumb Code    10  stm32f10x_gpio.o(.text)
    GPIO_Write                               0x08004781   Thumb Code     4  stm32f10x_gpio.o(.text)
    GPIO_PinLockConfig                       0x08004785   Thumb Code    16  stm32f10x_gpio.o(.text)
    GPIO_EventOutputConfig                   0x08004795   Thumb Code    22  stm32f10x_gpio.o(.text)
    GPIO_EventOutputCmd                      0x080047ab   Thumb Code     6  stm32f10x_gpio.o(.text)
    GPIO_PinRemapConfig                      0x080047b1   Thumb Code    82  stm32f10x_gpio.o(.text)
    GPIO_EXTILineConfig                      0x08004803   Thumb Code    34  stm32f10x_gpio.o(.text)
    GPIO_ETH_MediaInterfaceConfig            0x08004825   Thumb Code     8  stm32f10x_gpio.o(.text)
    RCC_DeInit                               0x08004851   Thumb Code    50  stm32f10x_rcc.o(.text)
    RCC_HSEConfig                            0x08004883   Thumb Code    48  stm32f10x_rcc.o(.text)
    RCC_GetFlagStatus                        0x080048b3   Thumb Code    42  stm32f10x_rcc.o(.text)
    RCC_WaitForHSEStartUp                    0x080048dd   Thumb Code    44  stm32f10x_rcc.o(.text)
    RCC_AdjustHSICalibrationValue            0x08004909   Thumb Code    16  stm32f10x_rcc.o(.text)
    RCC_HSICmd                               0x08004919   Thumb Code     6  stm32f10x_rcc.o(.text)
    RCC_PLLConfig                            0x0800491f   Thumb Code    16  stm32f10x_rcc.o(.text)
    RCC_PLLCmd                               0x0800492f   Thumb Code     6  stm32f10x_rcc.o(.text)
    RCC_SYSCLKConfig                         0x08004935   Thumb Code    14  stm32f10x_rcc.o(.text)
    RCC_GetSYSCLKSource                      0x08004943   Thumb Code    10  stm32f10x_rcc.o(.text)
    RCC_HCLKConfig                           0x0800494d   Thumb Code    14  stm32f10x_rcc.o(.text)
    RCC_PCLK1Config                          0x0800495b   Thumb Code    14  stm32f10x_rcc.o(.text)
    RCC_PCLK2Config                          0x08004969   Thumb Code    16  stm32f10x_rcc.o(.text)
    RCC_ITConfig                             0x08004979   Thumb Code    18  stm32f10x_rcc.o(.text)
    RCC_USBCLKConfig                         0x0800498b   Thumb Code     8  stm32f10x_rcc.o(.text)
    RCC_ADCCLKConfig                         0x08004993   Thumb Code    14  stm32f10x_rcc.o(.text)
    RCC_LSEConfig                            0x080049a1   Thumb Code    28  stm32f10x_rcc.o(.text)
    RCC_LSICmd                               0x080049bd   Thumb Code     6  stm32f10x_rcc.o(.text)
    RCC_RTCCLKConfig                         0x080049c3   Thumb Code    10  stm32f10x_rcc.o(.text)
    RCC_RTCCLKCmd                            0x080049cd   Thumb Code     8  stm32f10x_rcc.o(.text)
    RCC_GetClocksFreq                        0x080049d5   Thumb Code   132  stm32f10x_rcc.o(.text)
    RCC_AHBPeriphClockCmd                    0x08004a59   Thumb Code    18  stm32f10x_rcc.o(.text)
    RCC_APB2PeriphClockCmd                   0x08004a6b   Thumb Code    18  stm32f10x_rcc.o(.text)
    RCC_APB1PeriphClockCmd                   0x08004a7d   Thumb Code    18  stm32f10x_rcc.o(.text)
    RCC_APB2PeriphResetCmd                   0x08004a8f   Thumb Code    18  stm32f10x_rcc.o(.text)
    RCC_APB1PeriphResetCmd                   0x08004aa1   Thumb Code    18  stm32f10x_rcc.o(.text)
    RCC_BackupResetCmd                       0x08004ab3   Thumb Code     8  stm32f10x_rcc.o(.text)
    RCC_ClockSecuritySystemCmd               0x08004abb   Thumb Code     6  stm32f10x_rcc.o(.text)
    RCC_MCOConfig                            0x08004ac1   Thumb Code     6  stm32f10x_rcc.o(.text)
    RCC_ClearFlag                            0x08004ac7   Thumb Code    12  stm32f10x_rcc.o(.text)
    RCC_GetITStatus                          0x08004ad3   Thumb Code    16  stm32f10x_rcc.o(.text)
    RCC_ClearITPendingBit                    0x08004ae3   Thumb Code     6  stm32f10x_rcc.o(.text)
    USART_DeInit                             0x08004b09   Thumb Code    96  stm32f10x_usart.o(.text)
    USART_Init                               0x08004b69   Thumb Code   166  stm32f10x_usart.o(.text)
    USART_StructInit                         0x08004c0f   Thumb Code    22  stm32f10x_usart.o(.text)
    USART_ClockInit                          0x08004c25   Thumb Code    30  stm32f10x_usart.o(.text)
    USART_ClockStructInit                    0x08004c43   Thumb Code    12  stm32f10x_usart.o(.text)
    USART_Cmd                                0x08004c4f   Thumb Code    20  stm32f10x_usart.o(.text)
    USART_ITConfig                           0x08004c63   Thumb Code    48  stm32f10x_usart.o(.text)
    USART_DMACmd                             0x08004c93   Thumb Code    16  stm32f10x_usart.o(.text)
    USART_SetAddress                         0x08004ca3   Thumb Code    16  stm32f10x_usart.o(.text)
    USART_WakeUpConfig                       0x08004cb3   Thumb Code    16  stm32f10x_usart.o(.text)
    USART_ReceiverWakeUpCmd                  0x08004cc3   Thumb Code    20  stm32f10x_usart.o(.text)
    USART_LINBreakDetectLengthConfig         0x08004cd7   Thumb Code    16  stm32f10x_usart.o(.text)
    USART_LINCmd                             0x08004ce7   Thumb Code    20  stm32f10x_usart.o(.text)
    USART_SendData                           0x08004cfb   Thumb Code     8  stm32f10x_usart.o(.text)
    USART_ReceiveData                        0x08004d03   Thumb Code     8  stm32f10x_usart.o(.text)
    USART_SendBreak                          0x08004d0b   Thumb Code    10  stm32f10x_usart.o(.text)
    USART_SetGuardTime                       0x08004d15   Thumb Code    16  stm32f10x_usart.o(.text)
    USART_SetPrescaler                       0x08004d25   Thumb Code    16  stm32f10x_usart.o(.text)
    USART_SmartCardCmd                       0x08004d35   Thumb Code    20  stm32f10x_usart.o(.text)
    USART_SmartCardNACKCmd                   0x08004d49   Thumb Code    20  stm32f10x_usart.o(.text)
    USART_HalfDuplexCmd                      0x08004d5d   Thumb Code    20  stm32f10x_usart.o(.text)
    USART_OverSampling8Cmd                   0x08004d71   Thumb Code    20  stm32f10x_usart.o(.text)
    USART_OneBitMethodCmd                    0x08004d85   Thumb Code    20  stm32f10x_usart.o(.text)
    USART_IrDAConfig                         0x08004d99   Thumb Code    16  stm32f10x_usart.o(.text)
    USART_IrDACmd                            0x08004da9   Thumb Code    20  stm32f10x_usart.o(.text)
    USART_GetFlagStatus                      0x08004dbd   Thumb Code    14  stm32f10x_usart.o(.text)
    USART_ClearFlag                          0x08004dcb   Thumb Code     6  stm32f10x_usart.o(.text)
    USART_GetITStatus                        0x08004dd1   Thumb Code    62  stm32f10x_usart.o(.text)
    USART_ClearITPendingBit                  0x08004e0f   Thumb Code    12  stm32f10x_usart.o(.text)
    TIM_DeInit                               0x08004e31   Thumb Code   304  stm32f10x_tim.o(.text)
    TIM_TimeBaseInit                         0x08004f61   Thumb Code   114  stm32f10x_tim.o(.text)
    TIM_OC1Init                              0x08004fd3   Thumb Code   106  stm32f10x_tim.o(.text)
    TIM_OC2Init                              0x0800503d   Thumb Code   120  stm32f10x_tim.o(.text)
    TIM_OC3Init                              0x080050b5   Thumb Code   116  stm32f10x_tim.o(.text)
    TIM_OC4Init                              0x08005129   Thumb Code    90  stm32f10x_tim.o(.text)
    TIM_SetIC4Prescaler                      0x08005183   Thumb Code    24  stm32f10x_tim.o(.text)
    TIM_SetIC3Prescaler                      0x0800519b   Thumb Code    16  stm32f10x_tim.o(.text)
    TIM_SetIC2Prescaler                      0x080051ab   Thumb Code    24  stm32f10x_tim.o(.text)
    TIM_SetIC1Prescaler                      0x08005269   Thumb Code    16  stm32f10x_tim.o(.text)
    TIM_ICInit                               0x080052d1   Thumb Code   270  stm32f10x_tim.o(.text)
    TIM_PWMIConfig                           0x080053df   Thumb Code   104  stm32f10x_tim.o(.text)
    TIM_BDTRConfig                           0x08005447   Thumb Code    34  stm32f10x_tim.o(.text)
    TIM_TimeBaseStructInit                   0x08005469   Thumb Code    18  stm32f10x_tim.o(.text)
    TIM_OCStructInit                         0x0800547b   Thumb Code    20  stm32f10x_tim.o(.text)
    TIM_ICStructInit                         0x0800548f   Thumb Code    16  stm32f10x_tim.o(.text)
    TIM_BDTRStructInit                       0x0800549f   Thumb Code    18  stm32f10x_tim.o(.text)
    TIM_Cmd                                  0x080054b1   Thumb Code    20  stm32f10x_tim.o(.text)
    TIM_CtrlPWMOutputs                       0x080054c5   Thumb Code    22  stm32f10x_tim.o(.text)
    TIM_ITConfig                             0x080054db   Thumb Code    16  stm32f10x_tim.o(.text)
    TIM_GenerateEvent                        0x080054eb   Thumb Code     4  stm32f10x_tim.o(.text)
    TIM_DMAConfig                            0x080054ef   Thumb Code     8  stm32f10x_tim.o(.text)
    TIM_DMACmd                               0x080054f7   Thumb Code    16  stm32f10x_tim.o(.text)
    TIM_InternalClockConfig                  0x08005507   Thumb Code    10  stm32f10x_tim.o(.text)
    TIM_SelectInputTrigger                   0x08005511   Thumb Code    12  stm32f10x_tim.o(.text)
    TIM_ITRxExternalClockConfig              0x0800551d   Thumb Code    18  stm32f10x_tim.o(.text)
    TIM_TIxExternalClockConfig               0x0800552f   Thumb Code    46  stm32f10x_tim.o(.text)
    TIM_ETRConfig                            0x0800555d   Thumb Code    24  stm32f10x_tim.o(.text)
    TIM_ETRClockMode1Config                  0x08005575   Thumb Code    18  stm32f10x_tim.o(.text)
    TIM_ETRClockMode2Config                  0x08005587   Thumb Code    18  stm32f10x_tim.o(.text)
    TIM_PrescalerConfig                      0x08005599   Thumb Code     6  stm32f10x_tim.o(.text)
    TIM_CounterModeConfig                    0x0800559f   Thumb Code    12  stm32f10x_tim.o(.text)
    TIM_EncoderInterfaceConfig               0x080055ab   Thumb Code    50  stm32f10x_tim.o(.text)
    TIM_ForcedOC1Config                      0x080055dd   Thumb Code    12  stm32f10x_tim.o(.text)
    TIM_ForcedOC2Config                      0x080055e9   Thumb Code    20  stm32f10x_tim.o(.text)
    TIM_ForcedOC3Config                      0x080055fd   Thumb Code    12  stm32f10x_tim.o(.text)
    TIM_ForcedOC4Config                      0x08005609   Thumb Code    20  stm32f10x_tim.o(.text)
    TIM_ARRPreloadConfig                     0x0800561d   Thumb Code    20  stm32f10x_tim.o(.text)
    TIM_SelectCOM                            0x08005631   Thumb Code    20  stm32f10x_tim.o(.text)
    TIM_SelectCCDMA                          0x08005645   Thumb Code    20  stm32f10x_tim.o(.text)
    TIM_CCPreloadControl                     0x08005659   Thumb Code    20  stm32f10x_tim.o(.text)
    TIM_OC1PreloadConfig                     0x0800566d   Thumb Code    32  stm32f10x_tim.o(.text)
    TIM_OC2PreloadConfig                     0x0800568d   Thumb Code    20  stm32f10x_tim.o(.text)
    TIM_OC3PreloadConfig                     0x080056a1   Thumb Code    12  stm32f10x_tim.o(.text)
    TIM_OC4PreloadConfig                     0x080056ad   Thumb Code    20  stm32f10x_tim.o(.text)
    TIM_OC1FastConfig                        0x080056c1   Thumb Code    12  stm32f10x_tim.o(.text)
    TIM_OC2FastConfig                        0x080056cd   Thumb Code    20  stm32f10x_tim.o(.text)
    TIM_OC3FastConfig                        0x080056e1   Thumb Code    12  stm32f10x_tim.o(.text)
    TIM_OC4FastConfig                        0x080056ed   Thumb Code    20  stm32f10x_tim.o(.text)
    TIM_ClearOC1Ref                          0x08005701   Thumb Code    12  stm32f10x_tim.o(.text)
    TIM_ClearOC2Ref                          0x0800570d   Thumb Code    20  stm32f10x_tim.o(.text)
    TIM_ClearOC3Ref                          0x08005721   Thumb Code    12  stm32f10x_tim.o(.text)
    TIM_ClearOC4Ref                          0x0800572d   Thumb Code    20  stm32f10x_tim.o(.text)
    TIM_OC1PolarityConfig                    0x08005741   Thumb Code    12  stm32f10x_tim.o(.text)
    TIM_OC1NPolarityConfig                   0x0800574d   Thumb Code    12  stm32f10x_tim.o(.text)
    TIM_OC2PolarityConfig                    0x08005759   Thumb Code    20  stm32f10x_tim.o(.text)
    TIM_OC2NPolarityConfig                   0x0800576d   Thumb Code    20  stm32f10x_tim.o(.text)
    TIM_OC3PolarityConfig                    0x08005781   Thumb Code    20  stm32f10x_tim.o(.text)
    TIM_OC3NPolarityConfig                   0x08005795   Thumb Code    20  stm32f10x_tim.o(.text)
    TIM_OC4PolarityConfig                    0x080057a9   Thumb Code    20  stm32f10x_tim.o(.text)
    TIM_CCxCmd                               0x080057bd   Thumb Code    22  stm32f10x_tim.o(.text)
    TIM_CCxNCmd                              0x080057d3   Thumb Code    22  stm32f10x_tim.o(.text)
    TIM_SelectOCxM                           0x080057e9   Thumb Code    70  stm32f10x_tim.o(.text)
    TIM_UpdateDisableConfig                  0x0800582f   Thumb Code    20  stm32f10x_tim.o(.text)
    TIM_UpdateRequestConfig                  0x08005843   Thumb Code    20  stm32f10x_tim.o(.text)
    TIM_SelectHallSensor                     0x08005857   Thumb Code    20  stm32f10x_tim.o(.text)
    TIM_SelectOnePulseMode                   0x0800586b   Thumb Code    16  stm32f10x_tim.o(.text)
    TIM_SelectOutputTrigger                  0x0800587b   Thumb Code    16  stm32f10x_tim.o(.text)
    TIM_SelectSlaveMode                      0x0800588b   Thumb Code    16  stm32f10x_tim.o(.text)
    TIM_SelectMasterSlaveMode                0x0800589b   Thumb Code    16  stm32f10x_tim.o(.text)
    TIM_SetCounter                           0x080058ab   Thumb Code     4  stm32f10x_tim.o(.text)
    TIM_SetAutoreload                        0x080058af   Thumb Code     4  stm32f10x_tim.o(.text)
    TIM_SetCompare1                          0x080058b3   Thumb Code     4  stm32f10x_tim.o(.text)
    TIM_SetCompare2                          0x080058b7   Thumb Code     4  stm32f10x_tim.o(.text)
    TIM_SetCompare3                          0x080058bb   Thumb Code     4  stm32f10x_tim.o(.text)
    TIM_SetCompare4                          0x080058bf   Thumb Code     6  stm32f10x_tim.o(.text)
    TIM_SetClockDivision                     0x080058c5   Thumb Code    16  stm32f10x_tim.o(.text)
    TIM_GetCapture1                          0x080058d5   Thumb Code     4  stm32f10x_tim.o(.text)
    TIM_GetCapture2                          0x080058d9   Thumb Code     4  stm32f10x_tim.o(.text)
    TIM_GetCapture3                          0x080058dd   Thumb Code     4  stm32f10x_tim.o(.text)
    TIM_GetCapture4                          0x080058e1   Thumb Code     6  stm32f10x_tim.o(.text)
    TIM_GetCounter                           0x080058e7   Thumb Code     4  stm32f10x_tim.o(.text)
    TIM_GetPrescaler                         0x080058eb   Thumb Code     4  stm32f10x_tim.o(.text)
    TIM_GetFlagStatus                        0x080058ef   Thumb Code    14  stm32f10x_tim.o(.text)
    TIM_ClearFlag                            0x080058fd   Thumb Code     6  stm32f10x_tim.o(.text)
    TIM_GetITStatus                          0x08005903   Thumb Code    24  stm32f10x_tim.o(.text)
    TIM_ClearITPendingBit                    0x0800591b   Thumb Code     6  stm32f10x_tim.o(.text)
    FSMC_NORSRAMDeInit                       0x08005921   Thumb Code    38  stm32f10x_fsmc.o(.text)
    FSMC_NANDDeInit                          0x08005947   Thumb Code    40  stm32f10x_fsmc.o(.text)
    FSMC_PCCARDDeInit                        0x0800596f   Thumb Code    26  stm32f10x_fsmc.o(.text)
    FSMC_NORSRAMInit                         0x08005989   Thumb Code   200  stm32f10x_fsmc.o(.text)
    FSMC_NANDInit                            0x08005a51   Thumb Code   104  stm32f10x_fsmc.o(.text)
    FSMC_PCCARDInit                          0x08005ab9   Thumb Code   102  stm32f10x_fsmc.o(.text)
    FSMC_NORSRAMStructInit                   0x08005b1f   Thumb Code    98  stm32f10x_fsmc.o(.text)
    FSMC_NANDStructInit                      0x08005b81   Thumb Code    54  stm32f10x_fsmc.o(.text)
    FSMC_PCCARDStructInit                    0x08005bb7   Thumb Code    60  stm32f10x_fsmc.o(.text)
    FSMC_NORSRAMCmd                          0x08005bf3   Thumb Code    26  stm32f10x_fsmc.o(.text)
    FSMC_NANDCmd                             0x08005c0d   Thumb Code    54  stm32f10x_fsmc.o(.text)
    FSMC_PCCARDCmd                           0x08005c43   Thumb Code    28  stm32f10x_fsmc.o(.text)
    FSMC_NANDECCCmd                          0x08005c5f   Thumb Code    54  stm32f10x_fsmc.o(.text)
    FSMC_GetECC                              0x08005c95   Thumb Code    18  stm32f10x_fsmc.o(.text)
    FSMC_ITConfig                            0x08005ca7   Thumb Code    72  stm32f10x_fsmc.o(.text)
    FSMC_GetFlagStatus                       0x08005cef   Thumb Code    40  stm32f10x_fsmc.o(.text)
    FSMC_ClearFlag                           0x08005d17   Thumb Code    38  stm32f10x_fsmc.o(.text)
    FSMC_GetITStatus                         0x08005d3d   Thumb Code    48  stm32f10x_fsmc.o(.text)
    FSMC_ClearITPendingBit                   0x08005d6d   Thumb Code    42  stm32f10x_fsmc.o(.text)
    gizwitsEventProcess                      0x08005d9d   Thumb Code   174  gizwits_product.o(.text)
    userHandle                               0x08005e4b   Thumb Code     2  gizwits_product.o(.text)
    userInit                                 0x08005e4d   Thumb Code    10  gizwits_product.o(.text)
    gizTimerMs                               0x08005e57   Thumb Code    12  gizwits_product.o(.text)
    gizGetTimerCount                         0x08005e63   Thumb Code     8  gizwits_product.o(.text)
    mcuRestart                               0x08005e6b   Thumb Code    26  gizwits_product.o(.text)
    TIMER_IRQ_FUN                            0x08005e85   Thumb Code   398  gizwits_product.o(.text)
    UART_IRQ_FUN                             0x08006013   Thumb Code    56  gizwits_product.o(.text)
    uartWrite                                0x0800604b   Thumb Code   140  gizwits_product.o(.text)
    gizPutData                               0x08006299   Thumb Code    38  gizwits_protocol.o(.text)
    gizwitsInit                              0x08006cb5   Thumb Code   792  gizwits_protocol.o(.text)
    gizwitsSetMode                           0x08006fcd   Thumb Code   224  gizwits_protocol.o(.text)
    gizwitsGetNTP                            0x080070ad   Thumb Code    78  gizwits_protocol.o(.text)
    gizwitsGetModuleInfo                     0x080070fb   Thumb Code    84  gizwits_protocol.o(.text)
    gizwitsHandle                            0x0800714f   Thumb Code   556  gizwits_protocol.o(.text)
    gizwitsPassthroughData                   0x0800737b   Thumb Code   494  gizwits_protocol.o(.text)
    gizProtocolSum                           0x080077a1   Thumb Code    36  common.o(.text)
    exchangeBytes                            0x080077c5   Thumb Code    32  common.o(.text)
    exchangeWord                             0x080077e5   Thumb Code     4  common.o(.text)
    char2hex                                 0x080077e9   Thumb Code    84  common.o(.text)
    checkStringIsNotZero                     0x0800783d   Thumb Code    36  common.o(.text)
    returnWeekDay                            0x08007861   Thumb Code    90  common.o(.text)
    returnNtp2Wt                             0x080078bb   Thumb Code   268  common.o(.text)
    str2Hex                                  0x080079c7   Thumb Code    74  common.o(.text)
    hex2Str                                  0x08007a11   Thumb Code    56  common.o(.text)
    gizByteOrderExchange                     0x08007a79   Thumb Code    36  datapointtools.o(.text)
    gizY2X                                   0x08007a9d   Thumb Code     8  datapointtools.o(.text)
    gizX2Y                                   0x08007aa5   Thumb Code     6  datapointtools.o(.text)
    gizY2XFloat                              0x08007aab   Thumb Code    24  datapointtools.o(.text)
    gizX2YFloat                              0x08007ac3   Thumb Code    28  datapointtools.o(.text)
    gizAcrossByteJudge                       0x08007adf   Thumb Code    30  datapointtools.o(.text)
    gizVarlenCompressValue                   0x08007afd   Thumb Code    74  datapointtools.o(.text)
    gizVarlenDecompressionValue              0x08007b47   Thumb Code   132  datapointtools.o(.text)
    gizStandardDecompressionValue            0x08007bcb   Thumb Code   122  datapointtools.o(.text)
    gizStandardCompressValue                 0x08007c45   Thumb Code    80  datapointtools.o(.text)
    rbCreate                                 0x08007c95   Thumb Code    18  ringbuffer.o(.text)
    rbDelete                                 0x08007ca7   Thumb Code    22  ringbuffer.o(.text)
    rbCapacity                               0x08007cbd   Thumb Code    12  ringbuffer.o(.text)
    rbCanRead                                0x08007cc9   Thumb Code    50  ringbuffer.o(.text)
    rbCanWrite                               0x08007cfb   Thumb Code    28  ringbuffer.o(.text)
    rbRead                                   0x08007d17   Thumb Code   126  ringbuffer.o(.text)
    rbWrite                                  0x08007d95   Thumb Code   140  ringbuffer.o(.text)
    __use_no_semihosting                     0x08007e21   Thumb Code     2  use_no_semi_2.o(.text)
    toupper                                  0x08007e23   Thumb Code    30  toupper.o(.text)
    __2printf                                0x08007e41   Thumb Code    20  noretval__2printf.o(.text)
    _printf_pre_padding                      0x08007e59   Thumb Code    44  _printf_pad.o(.text)
    _printf_post_padding                     0x08007e85   Thumb Code    34  _printf_pad.o(.text)
    _printf_int_dec                          0x08007ea9   Thumb Code   104  _printf_dec.o(.text)
    _printf_int_hex                          0x08007f21   Thumb Code    84  _printf_hex_int.o(.text)
    _printf_longlong_hex                     0x08007f21   Thumb Code     0  _printf_hex_int.o(.text)
    __printf                                 0x08007f79   Thumb Code   308  __printf_flags_wp.o(.text)
    strlen                                   0x080080b1   Thumb Code    62  strlen.o(.text)
    __aeabi_memcpy                           0x080080ef   Thumb Code     0  rt_memcpy_v6.o(.text)
    __rt_memcpy                              0x080080ef   Thumb Code   138  rt_memcpy_v6.o(.text)
    _memcpy_lastbytes                        0x08008155   Thumb Code     0  rt_memcpy_v6.o(.text)
    __aeabi_memcpy4                          0x08008179   Thumb Code     0  rt_memcpy_w.o(.text)
    __aeabi_memcpy8                          0x08008179   Thumb Code     0  rt_memcpy_w.o(.text)
    __rt_memcpy_w                            0x08008179   Thumb Code   100  rt_memcpy_w.o(.text)
    _memcpy_lastbytes_aligned                0x080081c1   Thumb Code     0  rt_memcpy_w.o(.text)
    __aeabi_memclr                           0x080081dd   Thumb Code     0  rt_memclr.o(.text)
    __rt_memclr                              0x080081dd   Thumb Code    68  rt_memclr.o(.text)
    _memset                                  0x080081e1   Thumb Code     0  rt_memclr.o(.text)
    __use_two_region_memory                  0x08008221   Thumb Code     2  heapauxi.o(.text)
    __rt_heap_escrow$2region                 0x08008223   Thumb Code     2  heapauxi.o(.text)
    __rt_heap_expand$2region                 0x08008225   Thumb Code     2  heapauxi.o(.text)
    __I$use$semihosting                      0x08008227   Thumb Code     0  use_no_semi.o(.text)
    __use_no_semihosting_swi                 0x08008227   Thumb Code     2  use_no_semi.o(.text)
    __rt_ctype_table                         0x08008229   Thumb Code    16  rt_ctype_table.o(.text)
    _printf_int_common                       0x08008239   Thumb Code   178  _printf_intcommon.o(.text)
    _printf_char_file                        0x080082ed   Thumb Code    32  _printf_char_file.o(.text)
    __aeabi_memclr4                          0x08008311   Thumb Code     0  rt_memclr_w.o(.text)
    __aeabi_memclr8                          0x08008311   Thumb Code     0  rt_memclr_w.o(.text)
    __rt_memclr_w                            0x08008311   Thumb Code    78  rt_memclr_w.o(.text)
    _memset_w                                0x08008315   Thumb Code     0  rt_memclr_w.o(.text)
    __rt_locale                              0x08008361   Thumb Code     8  rt_locale_intlibspace.o(.text)
    _printf_char_common                      0x08008373   Thumb Code    32  _printf_char_common.o(.text)
    ferror                                   0x08008399   Thumb Code     8  ferror.o(.text)
    __user_libspace                          0x080083a1   Thumb Code     8  libspace.o(.text)
    __user_perproc_libspace                  0x080083a1   Thumb Code     0  libspace.o(.text)
    __user_perthread_libspace                0x080083a1   Thumb Code     0  libspace.o(.text)
    __user_setup_stackheap                   0x080083a9   Thumb Code    74  sys_stackheap_outer.o(.text)
    exit                                     0x080083f3   Thumb Code    12  exit.o(.text)
    strcmp                                   0x08008401   Thumb Code   128  strcmpv7m.o(.text)
    _is_digit                                0x08008481   Thumb Code    14  __printf_wp.o(i._is_digit)
    _get_lc_ctype                            0x08008491   Thumb Code    44  lc_ctype_c.o(locale$$code)
    __aeabi_d2uiz                            0x080084bd   Thumb Code     0  dfixu.o(x$fpl$dfixu)
    _dfixu                                   0x080084bd   Thumb Code    90  dfixu.o(x$fpl$dfixu)
    __aeabi_ui2d                             0x08008517   Thumb Code     0  dflt_clz.o(x$fpl$dfltu)
    _dfltu                                   0x08008517   Thumb Code    38  dflt_clz.o(x$fpl$dfltu)
    __aeabi_dmul                             0x0800853d   Thumb Code     0  dmul.o(x$fpl$dmul)
    _dmul                                    0x0800853d   Thumb Code   332  dmul.o(x$fpl$dmul)
    __fpl_dnaninf                            0x08008691   Thumb Code   156  dnaninf.o(x$fpl$dnaninf)
    __fpl_dretinf                            0x0800872d   Thumb Code    12  dretinf.o(x$fpl$dretinf)
    __aeabi_fadd                             0x08008739   Thumb Code     0  faddsub_clz.o(x$fpl$fadd)
    _fadd                                    0x08008739   Thumb Code   196  faddsub_clz.o(x$fpl$fadd)
    __aeabi_fdiv                             0x080087fd   Thumb Code     0  fdiv.o(x$fpl$fdiv)
    _fdiv                                    0x080087fd   Thumb Code   384  fdiv.o(x$fpl$fdiv)
    __aeabi_f2uiz                            0x08008981   Thumb Code     0  ffixu.o(x$fpl$ffixu)
    _ffixu                                   0x08008981   Thumb Code    62  ffixu.o(x$fpl$ffixu)
    __aeabi_ui2f                             0x080089c1   Thumb Code     0  fflt_clz.o(x$fpl$ffltu)
    _ffltu                                   0x080089c1   Thumb Code    38  fflt_clz.o(x$fpl$ffltu)
    __aeabi_fmul                             0x080089e9   Thumb Code     0  fmul.o(x$fpl$fmul)
    _fmul                                    0x080089e9   Thumb Code   258  fmul.o(x$fpl$fmul)
    __fpl_fnaninf                            0x08008aeb   Thumb Code   140  fnaninf.o(x$fpl$fnaninf)
    __fpl_fretinf                            0x08008b77   Thumb Code    10  fretinf.o(x$fpl$fretinf)
    __aeabi_fsub                             0x08008b81   Thumb Code     0  faddsub_clz.o(x$fpl$fsub)
    _fsub                                    0x08008b81   Thumb Code   234  faddsub_clz.o(x$fpl$fsub)
    __I$use$fp                               0x08008c6a   Number         0  usenofp.o(x$fpl$usenofp)
    asc2_1206                                0x08008c6a   Data        1140  lcd.o(.constdata)
    asc2_1608                                0x080090de   Data        1520  lcd.o(.constdata)
    asc2_2412                                0x080096ce   Data        3420  lcd.o(.constdata)
    Region$$Table$$Base                      0x0800a498   Number         0  anon$$obj.o(Region$$Table)
    Region$$Table$$Limit                     0x0800a4b8   Number         0  anon$$obj.o(Region$$Table)
    __ctype                                  0x0800a4c5   Data           0  lc_ctype_c.o(locale$$data)
    SystemCoreClock                          0x20000000   Data           4  system_stm32f10x.o(.data)
    AHBPrescTable                            0x20000004   Data          16  system_stm32f10x.o(.data)
    POINT_COLOR                              0x20000016   Data           2  lcd.o(.data)
    BACK_COLOR                               0x20000018   Data           2  lcd.o(.data)
    USART_RX_STA                             0x2000001e   Data           2  usart.o(.data)
    __stdout                                 0x20000020   Data           4  usart.o(.data)
    RxWifiBuffer                             0x20000038   Data           1  gizwits_product.o(.data)
    currentDataPoint                         0x20000039   Data           1  gizwits_product.o(.data)
    lcddev                                   0x20000050   Data          14  lcd.o(.bss)
    USART_RX_BUF                             0x2000005e   Data         200  usart.o(.bss)
    gizwitsProtocol                          0x20000126   Data         244  gizwits_protocol.o(.bss)
    pRb                                      0x2000021a   Data          16  gizwits_protocol.o(.bss)
    __libspace_start                         0x20000258   Data          96  libspace.o(.bss)
    __temporary_stack_top$libspace           0x200002b8   Data           0  libspace.o(.bss)



==============================================================================

Memory Map of the image

  Image Entry point : 0x08000131

  Load Region LR_IROM1 (Base: 0x08000000, Size: 0x0000a618, Max: 0x00080000, ABSOLUTE)

    Execution Region ER_IROM1 (Base: 0x08000000, Size: 0x0000a5c8, Max: 0x00080000, ABSOLUTE)

    Base Addr    Size         Type   Attr      Idx    E Section Name        Object

    0x08000000   0x00000130   Data   RO          363    RESET               startup_stm32f10x_hd.o
    0x08000130   0x00000008   Code   RO          597  * !!!main             c_w.l(__main.o)
    0x08000138   0x00000034   Code   RO          821    !!!scatter          c_w.l(__scatter.o)
    0x0800016c   0x0000001a   Code   RO          823    !!handler_copy      c_w.l(__scatter_copy.o)
    0x08000186   0x00000002   PAD
    0x08000188   0x0000001c   Code   RO          825    !!handler_zi        c_w.l(__scatter_zi.o)
    0x080001a4   0x00000000   Code   RO          586    .ARM.Collect$$_printf_percent$$00000000  c_w.l(_printf_percent.o)
    0x080001a4   0x00000006   Code   RO          585    .ARM.Collect$$_printf_percent$$00000009  c_w.l(_printf_d.o)
    0x080001aa   0x00000006   Code   RO          584    .ARM.Collect$$_printf_percent$$0000000C  c_w.l(_printf_x.o)
    0x080001b0   0x00000004   Code   RO          642    .ARM.Collect$$_printf_percent$$00000017  c_w.l(_printf_percent_end.o)
    0x080001b4   0x00000002   Code   RO          699    .ARM.Collect$$libinit$$00000000  c_w.l(libinit.o)
    0x080001b6   0x00000000   Code   RO          701    .ARM.Collect$$libinit$$00000002  c_w.l(libinit2.o)
    0x080001b6   0x00000000   Code   RO          703    .ARM.Collect$$libinit$$00000004  c_w.l(libinit2.o)
    0x080001b6   0x00000000   Code   RO          706    .ARM.Collect$$libinit$$0000000A  c_w.l(libinit2.o)
    0x080001b6   0x00000000   Code   RO          708    .ARM.Collect$$libinit$$0000000C  c_w.l(libinit2.o)
    0x080001b6   0x00000000   Code   RO          710    .ARM.Collect$$libinit$$0000000E  c_w.l(libinit2.o)
    0x080001b6   0x00000006   Code   RO          711    .ARM.Collect$$libinit$$0000000F  c_w.l(libinit2.o)
    0x080001bc   0x00000000   Code   RO          713    .ARM.Collect$$libinit$$00000011  c_w.l(libinit2.o)
    0x080001bc   0x0000000c   Code   RO          714    .ARM.Collect$$libinit$$00000012  c_w.l(libinit2.o)
    0x080001c8   0x00000000   Code   RO          715    .ARM.Collect$$libinit$$00000013  c_w.l(libinit2.o)
    0x080001c8   0x00000000   Code   RO          717    .ARM.Collect$$libinit$$00000015  c_w.l(libinit2.o)
    0x080001c8   0x00000000   Code   RO          719    .ARM.Collect$$libinit$$00000017  c_w.l(libinit2.o)
    0x080001c8   0x00000000   Code   RO          721    .ARM.Collect$$libinit$$00000019  c_w.l(libinit2.o)
    0x080001c8   0x00000000   Code   RO          723    .ARM.Collect$$libinit$$0000001B  c_w.l(libinit2.o)
    0x080001c8   0x00000000   Code   RO          725    .ARM.Collect$$libinit$$0000001D  c_w.l(libinit2.o)
    0x080001c8   0x00000000   Code   RO          727    .ARM.Collect$$libinit$$0000001F  c_w.l(libinit2.o)
    0x080001c8   0x00000000   Code   RO          729    .ARM.Collect$$libinit$$00000021  c_w.l(libinit2.o)
    0x080001c8   0x00000000   Code   RO          731    .ARM.Collect$$libinit$$00000023  c_w.l(libinit2.o)
    0x080001c8   0x00000000   Code   RO          733    .ARM.Collect$$libinit$$00000025  c_w.l(libinit2.o)
    0x080001c8   0x00000000   Code   RO          737    .ARM.Collect$$libinit$$0000002C  c_w.l(libinit2.o)
    0x080001c8   0x00000000   Code   RO          739    .ARM.Collect$$libinit$$0000002E  c_w.l(libinit2.o)
    0x080001c8   0x00000000   Code   RO          741    .ARM.Collect$$libinit$$00000030  c_w.l(libinit2.o)
    0x080001c8   0x00000000   Code   RO          743    .ARM.Collect$$libinit$$00000032  c_w.l(libinit2.o)
    0x080001c8   0x00000002   Code   RO          744    .ARM.Collect$$libinit$$00000033  c_w.l(libinit2.o)
    0x080001ca   0x00000002   Code   RO          772    .ARM.Collect$$libshutdown$$00000000  c_w.l(libshutdown.o)
    0x080001cc   0x00000000   Code   RO          782    .ARM.Collect$$libshutdown$$00000003  c_w.l(libshutdown2.o)
    0x080001cc   0x00000000   Code   RO          785    .ARM.Collect$$libshutdown$$00000006  c_w.l(libshutdown2.o)
    0x080001cc   0x00000000   Code   RO          788    .ARM.Collect$$libshutdown$$00000009  c_w.l(libshutdown2.o)
    0x080001cc   0x00000000   Code   RO          790    .ARM.Collect$$libshutdown$$0000000B  c_w.l(libshutdown2.o)
    0x080001cc   0x00000000   Code   RO          793    .ARM.Collect$$libshutdown$$0000000E  c_w.l(libshutdown2.o)
    0x080001cc   0x00000002   Code   RO          794    .ARM.Collect$$libshutdown$$0000000F  c_w.l(libshutdown2.o)
    0x080001ce   0x00000000   Code   RO          635    .ARM.Collect$$rtentry$$00000000  c_w.l(__rtentry.o)
    0x080001ce   0x00000000   Code   RO          655    .ARM.Collect$$rtentry$$00000002  c_w.l(__rtentry2.o)
    0x080001ce   0x00000006   Code   RO          667    .ARM.Collect$$rtentry$$00000004  c_w.l(__rtentry4.o)
    0x080001d4   0x00000000   Code   RO          657    .ARM.Collect$$rtentry$$00000009  c_w.l(__rtentry2.o)
    0x080001d4   0x00000004   Code   RO          658    .ARM.Collect$$rtentry$$0000000A  c_w.l(__rtentry2.o)
    0x080001d8   0x00000000   Code   RO          660    .ARM.Collect$$rtentry$$0000000C  c_w.l(__rtentry2.o)
    0x080001d8   0x00000008   Code   RO          661    .ARM.Collect$$rtentry$$0000000D  c_w.l(__rtentry2.o)
    0x080001e0   0x00000002   Code   RO          745    .ARM.Collect$$rtexit$$00000000  c_w.l(rtexit.o)
    0x080001e2   0x00000000   Code   RO          752    .ARM.Collect$$rtexit$$00000002  c_w.l(rtexit2.o)
    0x080001e2   0x00000004   Code   RO          753    .ARM.Collect$$rtexit$$00000003  c_w.l(rtexit2.o)
    0x080001e6   0x00000006   Code   RO          754    .ARM.Collect$$rtexit$$00000004  c_w.l(rtexit2.o)
    0x080001ec   0x000001e8   Code   RO            1    .text               main.o
    0x080003d4   0x00000012   Code   RO          154    .text               stm32f10x_it.o
    0x080003e6   0x00000002   PAD
    0x080003e8   0x00000158   Code   RO          195    .text               system_stm32f10x.o
    0x08000540   0x00000050   Code   RO          213    .text               led.o
    0x08000590   0x000000dc   Code   RO          225    .text               key.o
    0x0800066c   0x00000064   Code   RO          238    .text               timer.o
    0x080006d0   0x000000b0   Code   RO          260    .text               usart3.o
    0x08000780   0x00003bd0   Code   RO          272    .text               lcd.o
    0x08004350   0x00000098   Code   RO          296    .text               delay.o
    0x080043e8   0x00000114   Code   RO          327    .text               usart.o
    0x080044fc   0x00000040   Code   RO          364    .text               startup_stm32f10x_hd.o
    0x0800453c   0x000000b0   Code   RO          368    .text               misc.o
    0x080045ec   0x00000264   Code   RO          380    .text               stm32f10x_gpio.o
    0x08004850   0x000002b8   Code   RO          392    .text               stm32f10x_rcc.o
    0x08004b08   0x00000328   Code   RO          406    .text               stm32f10x_usart.o
    0x08004e30   0x00000af0   Code   RO          418    .text               stm32f10x_tim.o
    0x08005920   0x0000047c   Code   RO          431    .text               stm32f10x_fsmc.o
    0x08005d9c   0x000004fc   Code   RO          443    .text               gizwits_product.o
    0x08006298   0x00001508   Code   RO          466    .text               gizwits_protocol.o
    0x080077a0   0x000002d8   Code   RO          488    .text               common.o
    0x08007a78   0x0000021c   Code   RO          501    .text               datapointtools.o
    0x08007c94   0x0000018c   Code   RO          514    .text               ringbuffer.o
    0x08007e20   0x00000002   Code   RO          529    .text               c_w.l(use_no_semi_2.o)
    0x08007e22   0x0000001e   Code   RO          531    .text               c_w.l(toupper.o)
    0x08007e40   0x00000018   Code   RO          535    .text               c_w.l(noretval__2printf.o)
    0x08007e58   0x0000004e   Code   RO          539    .text               c_w.l(_printf_pad.o)
    0x08007ea6   0x00000002   PAD
    0x08007ea8   0x00000078   Code   RO          541    .text               c_w.l(_printf_dec.o)
    0x08007f20   0x00000058   Code   RO          546    .text               c_w.l(_printf_hex_int.o)
    0x08007f78   0x00000138   Code   RO          576    .text               c_w.l(__printf_flags_wp.o)
    0x080080b0   0x0000003e   Code   RO          587    .text               c_w.l(strlen.o)
    0x080080ee   0x0000008a   Code   RO          589    .text               c_w.l(rt_memcpy_v6.o)
    0x08008178   0x00000064   Code   RO          591    .text               c_w.l(rt_memcpy_w.o)
    0x080081dc   0x00000044   Code   RO          593    .text               c_w.l(rt_memclr.o)
    0x08008220   0x00000006   Code   RO          595    .text               c_w.l(heapauxi.o)
    0x08008226   0x00000002   Code   RO          633    .text               c_w.l(use_no_semi.o)
    0x08008228   0x00000010   Code   RO          636    .text               c_w.l(rt_ctype_table.o)
    0x08008238   0x000000b2   Code   RO          638    .text               c_w.l(_printf_intcommon.o)
    0x080082ea   0x00000002   PAD
    0x080082ec   0x00000024   Code   RO          640    .text               c_w.l(_printf_char_file.o)
    0x08008310   0x0000004e   Code   RO          643    .text               c_w.l(rt_memclr_w.o)
    0x0800835e   0x00000002   PAD
    0x08008360   0x00000008   Code   RO          672    .text               c_w.l(rt_locale_intlibspace.o)
    0x08008368   0x00000030   Code   RO          674    .text               c_w.l(_printf_char_common.o)
    0x08008398   0x00000008   Code   RO          676    .text               c_w.l(ferror.o)
    0x080083a0   0x00000008   Code   RO          683    .text               c_w.l(libspace.o)
    0x080083a8   0x0000004a   Code   RO          686    .text               c_w.l(sys_stackheap_outer.o)
    0x080083f2   0x0000000c   Code   RO          690    .text               c_w.l(exit.o)
    0x080083fe   0x00000002   PAD
    0x08008400   0x00000080   Code   RO          692    .text               c_w.l(strcmpv7m.o)
    0x08008480   0x0000000e   Code   RO          574    i._is_digit         c_w.l(__printf_wp.o)
    0x0800848e   0x00000002   PAD
    0x08008490   0x0000002c   Code   RO          681    locale$$code        c_w.l(lc_ctype_c.o)
    0x080084bc   0x0000005a   Code   RO          599    x$fpl$dfixu         fz_ws.l(dfixu.o)
    0x08008516   0x00000026   Code   RO          603    x$fpl$dfltu         fz_ws.l(dflt_clz.o)
    0x0800853c   0x00000154   Code   RO          609    x$fpl$dmul          fz_ws.l(dmul.o)
    0x08008690   0x0000009c   Code   RO          645    x$fpl$dnaninf       fz_ws.l(dnaninf.o)
    0x0800872c   0x0000000c   Code   RO          647    x$fpl$dretinf       fz_ws.l(dretinf.o)
    0x08008738   0x000000c4   Code   RO          611    x$fpl$fadd          fz_ws.l(faddsub_clz.o)
    0x080087fc   0x00000184   Code   RO          618    x$fpl$fdiv          fz_ws.l(fdiv.o)
    0x08008980   0x0000003e   Code   RO          621    x$fpl$ffixu         fz_ws.l(ffixu.o)
    0x080089be   0x00000002   PAD
    0x080089c0   0x00000026   Code   RO          625    x$fpl$ffltu         fz_ws.l(fflt_clz.o)
    0x080089e6   0x00000002   PAD
    0x080089e8   0x00000102   Code   RO          631    x$fpl$fmul          fz_ws.l(fmul.o)
    0x08008aea   0x0000008c   Code   RO          649    x$fpl$fnaninf       fz_ws.l(fnaninf.o)
    0x08008b76   0x0000000a   Code   RO          651    x$fpl$fretinf       fz_ws.l(fretinf.o)
    0x08008b80   0x000000ea   Code   RO          613    x$fpl$fsub          fz_ws.l(faddsub_clz.o)
    0x08008c6a   0x00000000   Code   RO          653    x$fpl$usenofp       fz_ws.l(usenofp.o)
    0x08008c6a   0x000017c0   Data   RO          274    .constdata          lcd.o
    0x0800a42a   0x00000002   PAD
    0x0800a42c   0x00000030   Data   RO          489    .constdata          common.o
    0x0800a45c   0x00000028   Data   RO          547    .constdata          c_w.l(_printf_hex_int.o)
    0x0800a484   0x00000011   Data   RO          577    .constdata          c_w.l(__printf_flags_wp.o)
    0x0800a495   0x00000003   PAD
    0x0800a498   0x00000020   Data   RO          819    Region$$Table       anon$$obj.o
    0x0800a4b8   0x00000110   Data   RO          680    locale$$data        c_w.l(lc_ctype_c.o)


    Execution Region RW_IRAM1 (Base: 0x20000000, Size: 0x000024b8, Max: 0x00010000, ABSOLUTE)

    Base Addr    Size         Type   Attr      Idx    E Section Name        Object

    0x20000000   0x00000014   Data   RW          196    .data               system_stm32f10x.o
    0x20000014   0x00000001   Data   RW          226    .data               key.o
    0x20000015   0x00000001   PAD
    0x20000016   0x00000004   Data   RW          275    .data               lcd.o
    0x2000001a   0x00000004   Data   RW          297    .data               delay.o
    0x2000001e   0x00000002   Data   RW          329    .data               usart.o
    0x20000020   0x00000004   Data   RW          330    .data               usart.o
    0x20000024   0x00000014   Data   RW          393    .data               stm32f10x_rcc.o
    0x20000038   0x00000008   Data   RW          444    .data               gizwits_product.o
    0x20000040   0x00000010   Data   RW          468    .data               gizwits_protocol.o
    0x20000050   0x0000000e   Zero   RW          273    .bss                lcd.o
    0x2000005e   0x000000c8   Zero   RW          328    .bss                usart.o
    0x20000126   0x00000130   Zero   RW          467    .bss                gizwits_protocol.o
    0x20000256   0x00000002   PAD
    0x20000258   0x00000060   Zero   RW          684    .bss                c_w.l(libspace.o)
    0x200002b8   0x00000200   Zero   RW          362    HEAP                startup_stm32f10x_hd.o
    0x200004b8   0x00002000   Zero   RW          361    STACK               startup_stm32f10x_hd.o


==============================================================================

Image component sizes


      Code (inc. data)   RO Data    RW Data    ZI Data      Debug   Object Name

       728         10         48          0          0       3597   common.o
       540          0          0          0          0       3928   datapointtools.o
       152         14          0          4          0       1015   delay.o
      1276        468          0          8          0      18543   gizwits_product.o
      5384       1874          0         16        304      10310   gizwits_protocol.o
       220         14          0          1          0        852   key.o
     15312        118       6080          4         14      52288   lcd.o
        80         10          0          0          0        507   led.o
       488        186          0          0          0     269668   main.o
       176         14          0          0          0       1689   misc.o
       396          0          0          0          0       2545   ringbuffer.o
        64         26        304          0       8704        804   startup_stm32f10x_hd.o
      1148          6          0          0          0       5051   stm32f10x_fsmc.o
       612         36          0          0          0       4969   stm32f10x_gpio.o
        18          0          0          0          0       1166   stm32f10x_it.o
       696         32          0         20          0       8088   stm32f10x_rcc.o
      2800         84          0          0          0      18186   stm32f10x_tim.o
       808         22          0          0          0       7292   stm32f10x_usart.o
         0          0          0          0          0         32   sys.o
       344         34          0         20          0       1755   system_stm32f10x.o
       100          6          0          0          0       1920   timer.o
       276         16          0          6        200       3114   usart.o
       176          8          0          0          0        808   usart3.o

    ----------------------------------------------------------------------
     31796       2978       6466         80       9224     418127   Object Totals
         0          0         32          0          0          0   (incl. Generated)
         2          0          2          1          2          0   (incl. Padding)

    ----------------------------------------------------------------------

      Code (inc. data)   RO Data    RW Data    ZI Data      Debug   Library Member Name

         8          0          0          0          0         68   __main.o
       312          4         17          0          0         92   __printf_flags_wp.o
        14          0          0          0          0         68   __printf_wp.o
         0          0          0          0          0          0   __rtentry.o
        12          0          0          0          0          0   __rtentry2.o
         6          0          0          0          0          0   __rtentry4.o
        52          8          0          0          0          0   __scatter.o
        26          0          0          0          0          0   __scatter_copy.o
        28          0          0          0          0          0   __scatter_zi.o
        48          6          0          0          0         96   _printf_char_common.o
        36          4          0          0          0         80   _printf_char_file.o
         6          0          0          0          0          0   _printf_d.o
       120         16          0          0          0         92   _printf_dec.o
        88          4         40          0          0         88   _printf_hex_int.o
       178          0          0          0          0         88   _printf_intcommon.o
        78          0          0          0          0        108   _printf_pad.o
         0          0          0          0          0          0   _printf_percent.o
         4          0          0          0          0          0   _printf_percent_end.o
         6          0          0          0          0          0   _printf_x.o
        12          0          0          0          0         72   exit.o
         8          0          0          0          0         68   ferror.o
         6          0          0          0          0        152   heapauxi.o
        44         10        272          0          0         76   lc_ctype_c.o
         2          0          0          0          0          0   libinit.o
        20          0          0          0          0          0   libinit2.o
         2          0          0          0          0          0   libshutdown.o
         2          0          0          0          0          0   libshutdown2.o
         8          4          0          0         96         68   libspace.o
        24          4          0          0          0         84   noretval__2printf.o
        16          4          0          0          0         76   rt_ctype_table.o
         8          4          0          0          0         68   rt_locale_intlibspace.o
        68          0          0          0          0         68   rt_memclr.o
        78          0          0          0          0         80   rt_memclr_w.o
       138          0          0          0          0         68   rt_memcpy_v6.o
       100          0          0          0          0         80   rt_memcpy_w.o
         2          0          0          0          0          0   rtexit.o
        10          0          0          0          0          0   rtexit2.o
       128          0          0          0          0         68   strcmpv7m.o
        62          0          0          0          0         76   strlen.o
        74          0          0          0          0         80   sys_stackheap_outer.o
        30          0          0          0          0         76   toupper.o
         2          0          0          0          0         68   use_no_semi.o
         2          0          0          0          0         68   use_no_semi_2.o
        90          4          0          0          0         92   dfixu.o
        38          0          0          0          0         68   dflt_clz.o
       340         12          0          0          0        104   dmul.o
       156          4          0          0          0         92   dnaninf.o
        12          0          0          0          0         68   dretinf.o
       430          8          0          0          0        168   faddsub_clz.o
       388         76          0          0          0         96   fdiv.o
        62          4          0          0          0         84   ffixu.o
        38          0          0          0          0         68   fflt_clz.o
       258          4          0          0          0         84   fmul.o
       140          4          0          0          0         84   fnaninf.o
        10          0          0          0          0         68   fretinf.o
         0          0          0          0          0          0   usenofp.o

    ----------------------------------------------------------------------
      3846        184        332          0         96       3252   Library Totals
        16          0          3          0          0          0   (incl. Padding)

    ----------------------------------------------------------------------

      Code (inc. data)   RO Data    RW Data    ZI Data      Debug   Library Name

      1868         68        329          0         96       2176   c_w.l
      1962        116          0          0          0       1076   fz_ws.l

    ----------------------------------------------------------------------
      3846        184        332          0         96       3252   Library Totals

    ----------------------------------------------------------------------

==============================================================================


      Code (inc. data)   RO Data    RW Data    ZI Data      Debug   

     35642       3162       6798         80       9320     416695   Grand Totals
     35642       3162       6798         80       9320     416695   ELF Image Totals
     35642       3162       6798         80          0          0   ROM Totals

==============================================================================

    Total RO  Size (Code + RO Data)                42440 (  41.45kB)
    Total RW  Size (RW Data + ZI Data)              9400 (   9.18kB)
    Total ROM Size (Code + RO Data + RW Data)      42520 (  41.52kB)

==============================================================================

