<html>
<body>
<pre>
<h1>µVision Build Log</h1>
<h2>Tool Versions:</h2>
IDE-Version: ¦ÌVision V5.14.0.0
Copyright (C) 2015 ARM Ltd and ARM Germany GmbH. All rights reserved.
License Information: HGxiaohugong Administrator, ldrobot, LIC=FQQGK-ZZVC7-WJM6K-ZUK3W-A1NVC-B2PJ0
 
Tool Versions:
Toolchain:       MDK-ARM Professional  Version: 5.14.0.0
Toolchain Path:  C:\Keil_v5\ARM\ARMCC\Bin
C Compiler:      Armcc.exe V5.05 update 1 (build 106)
Assembler:       Armasm.exe V5.05 update 1 (build 106)
Linker/Locator:  ArmLink.exe V5.05 update 1 (build 106)
Library Manager: ArmAr.exe V5.05 update 1 (build 106)
Hex Converter:   FromElf.exe V5.05 update 1 (build 106)
CPU DLL:         SARMCM3.DLL V5.14.0.0
Dialog DLL:      DARMSTM.DLL V1.65.0.0
Target DLL:      STLink\ST-LINKIII-KEIL_SWO.dll V2.0.14.0_KEIL
Dialog DLL:      TARMSTM.DLL V1.64.0.0
 
<h2>Project:</h2>
D:\SmartDormitorySolutionsForIOT_item\physical_device_code\USER\USART.uvprojx
Project File Date:  12/18/2019

<h2>Output:</h2>
Build target 'USART'
compiling gizwits_protocol.c...
..\Gizwits\gizwits_protocol.c(157): warning:  #550-D: variable "lastReportTime" was set but never used
      static uint32_t lastReportTime = 0;
..\Gizwits\gizwits_protocol.c(158): warning:  #550-D: variable "currentTime" was set but never used
      uint32_t currentTime = 0;
..\Gizwits\gizwits_protocol.c: 2 warnings, 0 errors
linking...
Program Size: Code=21820 RO-data=716 RW-data=80 ZI-data=5208  
FromELF: creating hex file...
"..\OBJ\USART.axf" - 0 Error(s), 2 Warning(s).

<h2>Collection of Component include folders:</h2>
  D:\SmartDormitorySolutionsForIOT_item\physical_device_code\USER\RTE
  C:\Keil_v5\ARM\PACK\Keil\STM32F1xx_DFP\1.0.5\Device\Include

<h2>Collection of Component Files used:</h2>
</pre>
</body>
</html>
